Component: ARM Compiler 5.06 update 2 (build 183) Tool: armlink [4d35b7]

==============================================================================

Section Cross References

    stm32f0xx_it.o(i.DMA1_Channel2_3_IRQHandler) refers to stm32f0xx_hal_dma.o(i.HAL_DMA_IRQHandler) for HAL_DMA_IRQHandler
    stm32f0xx_it.o(i.DMA1_Channel2_3_IRQHandler) refers to i2c.o(.bss) for hdma_i2c1_tx
    stm32f0xx_it.o(i.I2C1_IRQHandler) refers to stm32f0xx_hal_i2c.o(i.HAL_I2C_ER_IRQHandler) for HAL_I2C_ER_IRQHandler
    stm32f0xx_it.o(i.I2C1_IRQHandler) refers to stm32f0xx_hal_i2c.o(i.HAL_I2C_EV_IRQHandler) for HAL_I2C_EV_IRQHandler
    stm32f0xx_it.o(i.I2C1_IRQHandler) refers to i2c.o(.bss) for hi2c1
    stm32f0xx_it.o(i.SysTick_Handler) refers to stm32f0xx_hal.o(i.HAL_IncTick) for HAL_IncTick
    stm32f0xx_it.o(i.SysTick_Handler) refers to stm32f0xx_hal_cortex.o(i.HAL_SYSTICK_IRQHandler) for HAL_SYSTICK_IRQHandler
    stm32f0xx_it.o(i.TIM17_IRQHandler) refers to stm32f0xx_hal_tim.o(i.HAL_TIM_IRQHandler) for HAL_TIM_IRQHandler
    stm32f0xx_it.o(i.TIM17_IRQHandler) refers to tim.o(.bss) for htim17
    dma.o(i.MX_DMA_Init) refers to stm32f0xx_hal_cortex.o(i.HAL_NVIC_SetPriority) for HAL_NVIC_SetPriority
    dma.o(i.MX_DMA_Init) refers to stm32f0xx_hal_cortex.o(i.HAL_NVIC_EnableIRQ) for HAL_NVIC_EnableIRQ
    gpio.o(i.MX_GPIO_Init) refers to stm32f0xx_hal_gpio.o(i.HAL_GPIO_Init) for HAL_GPIO_Init
    main.o(i.HAL_I2C_ErrorCallback) refers to printf5.o(i.__0printf$5) for __2printf
    main.o(i.HAL_I2C_ErrorCallback) refers to stm32f0xx_hal_dma.o(i.HAL_DMA_Abort) for HAL_DMA_Abort
    main.o(i.HAL_I2C_ErrorCallback) refers to stm32f0xx_hal_i2c.o(i.HAL_I2C_Slave_Receive_DMA) for HAL_I2C_Slave_Receive_DMA
    main.o(i.HAL_I2C_ErrorCallback) refers to i2c.o(.bss) for hdma_i2c1_rx
    main.o(i.HAL_I2C_ErrorCallback) refers to si2c.o(.bss) for i2c_Data
    main.o(i.HAL_I2C_SlaveRxCpltCallback) refers to si2c.o(i.i2cdata_parse) for i2cdata_parse
    main.o(i.HAL_I2C_SlaveRxCpltCallback) refers to si2c.o(i.checkCRC) for checkCRC
    main.o(i.HAL_I2C_SlaveRxCpltCallback) refers to si2c.o(i.getI2CHardAddress) for getI2CHardAddress
    main.o(i.HAL_I2C_SlaveRxCpltCallback) refers to si2c.o(i.checkI2CSoftAddress) for checkI2CSoftAddress
    main.o(i.HAL_I2C_SlaveRxCpltCallback) refers to printf5.o(i.__0printf$5) for __2printf
    main.o(i.HAL_I2C_SlaveRxCpltCallback) refers to srgb.o(i.sExecuteComand) for sExecuteComand
    main.o(i.HAL_I2C_SlaveRxCpltCallback) refers to si2c.o(i.i2cdata_update) for i2cdata_update
    main.o(i.HAL_I2C_SlaveRxCpltCallback) refers to stm32f0xx_hal_i2c.o(i.HAL_I2C_Slave_Transmit_DMA) for HAL_I2C_Slave_Transmit_DMA
    main.o(i.HAL_I2C_SlaveRxCpltCallback) refers to stm32f0xx_hal_i2c.o(i.HAL_I2C_Slave_Receive_DMA) for HAL_I2C_Slave_Receive_DMA
    main.o(i.HAL_I2C_SlaveRxCpltCallback) refers to si2c.o(.bss) for i2c_Data
    main.o(i.HAL_I2C_SlaveRxCpltCallback) refers to si2c.o(.bss) for deviceMe
    main.o(i.HAL_I2C_SlaveRxCpltCallback) refers to i2c.o(.bss) for hi2c1
    main.o(i.HAL_I2C_SlaveTxCpltCallback) refers to printf5.o(i.__0printf$5) for __2printf
    main.o(i.HAL_I2C_SlaveTxCpltCallback) refers to stm32f0xx_hal_i2c.o(i.HAL_I2C_Slave_Receive_DMA) for HAL_I2C_Slave_Receive_DMA
    main.o(i.HAL_I2C_SlaveTxCpltCallback) refers to si2c.o(.bss) for i2c_Data
    main.o(i.HAL_I2C_SlaveTxCpltCallback) refers to i2c.o(.bss) for hi2c1
    main.o(i.HAL_SYSTICK_Callback) refers to stm32f0xx_hal.o(i.HAL_GetTick) for HAL_GetTick
    main.o(i.HAL_SYSTICK_Callback) refers to uidiv.o(.text) for __aeabi_uidivmod
    main.o(i.HAL_SYSTICK_Callback) refers to cleds.o(i.cLEDs_Toggle) for cLEDs_Toggle
    main.o(i.HAL_SYSTICK_Callback) refers to stm32f0xx_hal_i2c.o(i.HAL_I2C_GetState) for HAL_I2C_GetState
    main.o(i.HAL_SYSTICK_Callback) refers to stm32f0xx_hal_i2c.o(i.HAL_I2C_Slave_Receive_DMA) for HAL_I2C_Slave_Receive_DMA
    main.o(i.HAL_SYSTICK_Callback) refers to i2c.o(.bss) for hi2c1
    main.o(i.HAL_SYSTICK_Callback) refers to si2c.o(.bss) for i2c_Data
    main.o(i.HAL_TIM_PeriodElapsedCallback) refers to stm32f0xx_hal_tim.o(i.HAL_TIM_Base_Start_IT) for HAL_TIM_Base_Start_IT
    main.o(i.HAL_TIM_PeriodElapsedCallback) refers to cleds.o(i.cLEDs_Toggle) for cLEDs_Toggle
    main.o(i.HAL_TIM_PeriodElapsedCallback) refers to tim.o(.bss) for htim17
    main.o(i.HAL_TIM_PeriodElapsedCallback) refers to si2c.o(.bss) for i2c_Data
    main.o(i.NVIC_SRAM) refers to main.o(.ARM.__AT_0x20000000) for .ARM.__AT_0x20000000
    main.o(i.SystemClock_Config) refers to stm32f0xx_hal_rcc.o(i.HAL_RCC_OscConfig) for HAL_RCC_OscConfig
    main.o(i.SystemClock_Config) refers to stm32f0xx_hal_rcc.o(i.HAL_RCC_ClockConfig) for HAL_RCC_ClockConfig
    main.o(i.SystemClock_Config) refers to stm32f0xx_hal_rcc_ex.o(i.HAL_RCCEx_PeriphCLKConfig) for HAL_RCCEx_PeriphCLKConfig
    main.o(i.SystemClock_Config) refers to stm32f0xx_hal_rcc.o(i.HAL_RCC_GetHCLKFreq) for HAL_RCC_GetHCLKFreq
[...]
    dadd.o(.text) refers to depilogue.o(.text) for _double_epilogue
    dmul.o(.text) refers to depilogue.o(.text) for _double_epilogue
    ddiv.o(.text) refers to depilogue.o(.text) for _double_round
    dfixul.o(.text) refers to llushr.o(.text) for __aeabi_llsr
    dfixul.o(.text) refers to llshl.o(.text) for __aeabi_llsl
    init.o(.text) refers to entry5.o(.ARM.Collect$$$$00000004) for __main_after_scatterload
    depilogue.o(.text) refers to depilogue.o(i.__ARM_clz) for __ARM_clz
    depilogue.o(.text) refers to llshl.o(.text) for __aeabi_llsl
    depilogue.o(.text) refers to llushr.o(.text) for __aeabi_llsr


==============================================================================

Removing Unused input sections from the image.

    Removing stm32f0xx_it.o(.rev16_text), (4 bytes).
    Removing stm32f0xx_it.o(.revsh_text), (4 bytes).
    Removing dma.o(.rev16_text), (4 bytes).
    Removing dma.o(.revsh_text), (4 bytes).
    Removing gpio.o(.rev16_text), (4 bytes).
    Removing gpio.o(.revsh_text), (4 bytes).
    Removing main.o(.rev16_text), (4 bytes).
    Removing main.o(.revsh_text), (4 bytes).
    Removing i2c.o(.rev16_text), (4 bytes).
    Removing i2c.o(.revsh_text), (4 bytes).
    Removing i2c.o(i.HAL_I2C_MspDeInit), (64 bytes).
    Removing stm32f0xx_hal_msp.o(.rev16_text), (4 bytes).
    Removing stm32f0xx_hal_msp.o(.revsh_text), (4 bytes).
    Removing tim.o(.rev16_text), (4 bytes).
    Removing tim.o(.revsh_text), (4 bytes).
    Removing tim.o(i.HAL_TIM_Base_MspDeInit), (40 bytes).
    Removing usart.o(.rev16_text), (4 bytes).
    Removing usart.o(.revsh_text), (4 bytes).
    Removing usart.o(i.HAL_UART_MspDeInit), (44 bytes).
    Removing system_stm32f0xx_1.o(.rev16_text), (4 bytes).
    Removing system_stm32f0xx_1.o(.revsh_text), (4 bytes).
    Removing system_stm32f0xx_1.o(i.SystemCoreClockUpdate), (108 bytes).
    Removing stm32f0xx_hal_pwr_ex.o(.rev16_text), (4 bytes).
    Removing stm32f0xx_hal_pwr_ex.o(.revsh_text), (4 bytes).
    Removing stm32f0xx_hal.o(.rev16_text), (4 bytes).
    Removing stm32f0xx_hal.o(.revsh_text), (4 bytes).
    Removing stm32f0xx_hal.o(i.HAL_DBGMCU_DisableDBGStandbyMode), (16 bytes).
    Removing stm32f0xx_hal.o(i.HAL_DBGMCU_DisableDBGStopMode), (16 bytes).
    Removing stm32f0xx_hal.o(i.HAL_DBGMCU_EnableDBGStandbyMode), (16 bytes).
    Removing stm32f0xx_hal.o(i.HAL_DBGMCU_EnableDBGStopMode), (16 bytes).
    Removing stm32f0xx_hal.o(i.HAL_DeInit), (36 bytes).
    Removing stm32f0xx_hal.o(i.HAL_Delay), (22 bytes).
    Removing stm32f0xx_hal.o(i.HAL_GetDEVID), (16 bytes).
    Removing stm32f0xx_hal.o(i.HAL_GetHalVersion), (8 bytes).
    Removing stm32f0xx_hal.o(i.HAL_GetREVID), (12 bytes).
    Removing stm32f0xx_hal.o(i.HAL_MspDeInit), (2 bytes).
    Removing stm32f0xx_hal.o(i.HAL_MspInit), (2 bytes).
    Removing stm32f0xx_hal.o(i.HAL_ResumeTick), (16 bytes).
    Removing stm32f0xx_hal.o(i.HAL_SuspendTick), (16 bytes).
    Removing stm32f0xx_hal_rcc.o(.rev16_text), (4 bytes).
    Removing stm32f0xx_hal_rcc.o(.revsh_text), (4 bytes).
    Removing stm32f0xx_hal_rcc.o(i.HAL_RCC_CSSCallback), (2 bytes).
    Removing stm32f0xx_hal_rcc.o(i.HAL_RCC_DeInit), (60 bytes).
    Removing stm32f0xx_hal_rcc.o(i.HAL_RCC_DisableCSS), (20 bytes).
    Removing stm32f0xx_hal_rcc.o(i.HAL_RCC_EnableCSS), (20 bytes).
    Removing stm32f0xx_hal_rcc.o(i.HAL_RCC_GetClockConfig), (56 bytes).
    Removing stm32f0xx_hal_rcc.o(i.HAL_RCC_GetOscConfig), (160 bytes).
    Removing stm32f0xx_hal_rcc.o(i.HAL_RCC_MCOConfig), (76 bytes).
    Removing stm32f0xx_hal_rcc.o(i.HAL_RCC_NMI_IRQHandler), (24 bytes).
    Removing stm32f0xx_hal_flash.o(.rev16_text), (4 bytes).
    Removing stm32f0xx_hal_flash.o(.revsh_text), (4 bytes).
    Removing stm32f0xx_hal_flash.o(i.FLASH_Program_HalfWord), (32 bytes).
    Removing stm32f0xx_hal_flash.o(i.FLASH_SetErrorCode), (48 bytes).
    Removing stm32f0xx_hal_flash.o(i.FLASH_WaitForLastOperation), (80 bytes).
    Removing stm32f0xx_hal_flash.o(i.HAL_FLASH_EndOfOperationCallback), (2 bytes).
    Removing stm32f0xx_hal_flash.o(i.HAL_FLASH_GetError), (12 bytes).
    Removing stm32f0xx_hal_flash.o(i.HAL_FLASH_IRQHandler), (256 bytes).
    Removing stm32f0xx_hal_flash.o(i.HAL_FLASH_Lock), (20 bytes).
    Removing stm32f0xx_hal_flash.o(i.HAL_FLASH_OB_Launch), (32 bytes).
    Removing stm32f0xx_hal_flash.o(i.HAL_FLASH_OB_Lock), (20 bytes).
    Removing stm32f0xx_hal_flash.o(i.HAL_FLASH_OB_Unlock), (36 bytes).
    Removing stm32f0xx_hal_flash.o(i.HAL_FLASH_OperationErrorCallback), (2 bytes).
    Removing stm32f0xx_hal_flash.o(i.HAL_FLASH_Program), (124 bytes).
    Removing stm32f0xx_hal_flash.o(i.HAL_FLASH_Program_IT), (100 bytes).
    Removing stm32f0xx_hal_flash.o(i.HAL_FLASH_Unlock), (36 bytes).
    Removing stm32f0xx_hal_flash.o(.bss), (32 bytes).
    Removing stm32f0xx_hal_i2c.o(.rev16_text), (4 bytes).
    Removing stm32f0xx_hal_i2c.o(.revsh_text), (4 bytes).
    Removing stm32f0xx_hal_i2c.o(i.HAL_I2C_DeInit), (48 bytes).
    Removing stm32f0xx_hal_i2c.o(i.HAL_I2C_ErrorCallback), (2 bytes).
    Removing stm32f0xx_hal_i2c.o(i.HAL_I2C_GetError), (4 bytes).
    Removing stm32f0xx_hal_i2c.o(i.HAL_I2C_IsDeviceReady), (284 bytes).
    Removing stm32f0xx_hal_i2c.o(i.HAL_I2C_Master_Receive), (240 bytes).
    Removing stm32f0xx_hal_i2c.o(i.HAL_I2C_Master_Receive_DMA), (188 bytes).
    Removing stm32f0xx_hal_i2c.o(i.HAL_I2C_Master_Receive_IT), (132 bytes).
    Removing stm32f0xx_hal_i2c.o(i.HAL_I2C_Master_Transmit), (236 bytes).
    Removing stm32f0xx_hal_i2c.o(i.HAL_I2C_Master_Transmit_DMA), (204 bytes).
    Removing stm32f0xx_hal_i2c.o(i.HAL_I2C_Master_Transmit_IT), (132 bytes).
    Removing stm32f0xx_hal_i2c.o(i.HAL_I2C_Mem_Read), (276 bytes).
    Removing stm32f0xx_hal_i2c.o(i.HAL_I2C_Mem_Read_DMA), (220 bytes).
    Removing stm32f0xx_hal_i2c.o(i.HAL_I2C_Mem_Read_IT), (160 bytes).
    Removing stm32f0xx_hal_i2c.o(i.HAL_I2C_Mem_Write), (264 bytes).
    Removing stm32f0xx_hal_i2c.o(i.HAL_I2C_Mem_Write_DMA), (220 bytes).
    Removing stm32f0xx_hal_i2c.o(i.HAL_I2C_Mem_Write_IT), (158 bytes).
    Removing stm32f0xx_hal_i2c.o(i.HAL_I2C_MspDeInit), (2 bytes).
    Removing stm32f0xx_hal_i2c.o(i.HAL_I2C_MspInit), (2 bytes).
    Removing stm32f0xx_hal_i2c.o(i.HAL_I2C_SlaveRxCpltCallback), (2 bytes).
    Removing stm32f0xx_hal_i2c.o(i.HAL_I2C_SlaveTxCpltCallback), (2 bytes).
    Removing stm32f0xx_hal_i2c.o(i.HAL_I2C_Slave_Receive), (248 bytes).
    Removing stm32f0xx_hal_i2c.o(i.HAL_I2C_Slave_Receive_IT), (80 bytes).
    Removing stm32f0xx_hal_i2c.o(i.HAL_I2C_Slave_Transmit), (270 bytes).
    Removing stm32f0xx_hal_i2c.o(i.HAL_I2C_Slave_Transmit_IT), (80 bytes).
    Removing stm32f0xx_hal_i2c.o(i.I2C_DMAMasterReceiveCplt), (336 bytes).
    Removing stm32f0xx_hal_i2c.o(i.I2C_DMAMasterTransmitCplt), (320 bytes).
    Removing stm32f0xx_hal_i2c.o(i.I2C_DMAMemReceiveCplt), (336 bytes).
    Removing stm32f0xx_hal_i2c.o(i.I2C_DMAMemTransmitCplt), (320 bytes).
    Removing stm32f0xx_hal_i2c.o(i.I2C_RequestMemoryRead), (100 bytes).
    Removing stm32f0xx_hal_i2c.o(i.I2C_RequestMemoryWrite), (100 bytes).
    Removing stm32f0xx_hal_i2c.o(i.I2C_WaitOnRXNEFlagUntilTimeout), (108 bytes).
    Removing stm32f0xx_hal_i2c.o(i.I2C_WaitOnTXISFlagUntilTimeout), (84 bytes).
    Removing stm32f0xx_hal_uart_ex.o(.rev16_text), (4 bytes).
    Removing stm32f0xx_hal_uart_ex.o(.revsh_text), (4 bytes).
    Removing stm32f0xx_hal_uart_ex.o(i.HAL_MultiProcessorEx_AddressLength_Set), (54 bytes).
    Removing stm32f0xx_hal_uart_ex.o(i.HAL_RS485Ex_Init), (144 bytes).
    Removing stm32f0xx_hal_uart_ex.o(i.HAL_UART_IRQHandler), (200 bytes).
    Removing stm32f0xx_hal_rcc_ex.o(.rev16_text), (4 bytes).
    Removing stm32f0xx_hal_rcc_ex.o(.revsh_text), (4 bytes).
    Removing stm32f0xx_hal_rcc_ex.o(i.HAL_RCCEx_GetPeriphCLKConfig), (44 bytes).
    Removing stm32f0xx_hal_rcc_ex.o(i.HAL_RCCEx_GetPeriphCLKFreq), (156 bytes).
    Removing stm32f0xx_hal_cortex.o(.rev16_text), (4 bytes).
    Removing stm32f0xx_hal_cortex.o(.revsh_text), (4 bytes).
    Removing stm32f0xx_hal_cortex.o(i.HAL_NVIC_DisableIRQ), (20 bytes).
    Removing stm32f0xx_hal_cortex.o(i.HAL_NVIC_GetPendingIRQ), (28 bytes).
    Removing stm32f0xx_hal_cortex.o(i.HAL_NVIC_GetPriority), (52 bytes).
    Removing stm32f0xx_hal_cortex.o(i.HAL_NVIC_SetPendingIRQ), (20 bytes).
    Removing stm32f0xx_hal_cortex.o(i.HAL_NVIC_SystemReset), (28 bytes).
    Removing stm32f0xx_hal_cortex.o(i.HAL_SYSTICK_Callback), (2 bytes).
    Removing stm32f0xx_hal_pwr.o(.rev16_text), (4 bytes).
    Removing stm32f0xx_hal_pwr.o(.revsh_text), (4 bytes).
    Removing stm32f0xx_hal_pwr.o(i.HAL_PWR_DeInit), (24 bytes).
    Removing stm32f0xx_hal_pwr.o(i.HAL_PWR_DisableBkUpAccess), (16 bytes).
    Removing stm32f0xx_hal_pwr.o(i.HAL_PWR_DisableSEVOnPend), (16 bytes).
    Removing stm32f0xx_hal_pwr.o(i.HAL_PWR_DisableSleepOnExit), (16 bytes).
    Removing stm32f0xx_hal_pwr.o(i.HAL_PWR_DisableWakeUpPin), (20 bytes).
    Removing stm32f0xx_hal_pwr.o(i.HAL_PWR_EnableBkUpAccess), (16 bytes).
    Removing stm32f0xx_hal_pwr.o(i.HAL_PWR_EnableSEVOnPend), (16 bytes).
    Removing stm32f0xx_hal_pwr.o(i.HAL_PWR_EnableSleepOnExit), (16 bytes).
    Removing stm32f0xx_hal_pwr.o(i.HAL_PWR_EnableWakeUpPin), (20 bytes).
    Removing stm32f0xx_hal_pwr.o(i.HAL_PWR_EnterSLEEPMode), (32 bytes).
    Removing stm32f0xx_hal_pwr.o(i.HAL_PWR_EnterSTANDBYMode), (32 bytes).
    Removing stm32f0xx_hal_pwr.o(i.HAL_PWR_EnterSTOPMode), (52 bytes).
    Removing stm32f0xx_hal_gpio.o(.rev16_text), (4 bytes).
    Removing stm32f0xx_hal_gpio.o(.revsh_text), (4 bytes).
    Removing stm32f0xx_hal_gpio.o(i.HAL_GPIO_DeInit), (212 bytes).
    Removing stm32f0xx_hal_gpio.o(i.HAL_GPIO_EXTI_Callback), (2 bytes).
    Removing stm32f0xx_hal_gpio.o(i.HAL_GPIO_EXTI_IRQHandler), (24 bytes).
    Removing stm32f0xx_hal_gpio.o(i.HAL_GPIO_LockPin), (36 bytes).
    Removing stm32f0xx_hal_gpio.o(i.HAL_GPIO_ReadPin), (10 bytes).
    Removing stm32f0xx_hal_i2c_ex.o(.rev16_text), (4 bytes).
    Removing stm32f0xx_hal_i2c_ex.o(.revsh_text), (4 bytes).
    Removing stm32f0xx_hal_i2c_ex.o(i.HAL_I2CEx_ConfigDigitalFilter), (94 bytes).
    Removing stm32f0xx_hal_i2c_ex.o(i.HAL_I2CEx_DisableFastModePlus), (36 bytes).
    Removing stm32f0xx_hal_i2c_ex.o(i.HAL_I2CEx_EnableFastModePlus), (36 bytes).
    Removing stm32f0xx_hal_dma.o(.rev16_text), (4 bytes).
    Removing stm32f0xx_hal_dma.o(.revsh_text), (4 bytes).
    Removing stm32f0xx_hal_dma.o(i.HAL_DMA_DeInit), (216 bytes).
    Removing stm32f0xx_hal_dma.o(i.HAL_DMA_GetError), (4 bytes).
    Removing stm32f0xx_hal_dma.o(i.HAL_DMA_GetState), (6 bytes).
    Removing stm32f0xx_hal_dma.o(i.HAL_DMA_PollForTransfer), (452 bytes).
    Removing stm32f0xx_hal_dma.o(i.HAL_DMA_Start), (50 bytes).
    Removing stm32f0xx_hal_flash_ex.o(.rev16_text), (4 bytes).
    Removing stm32f0xx_hal_flash_ex.o(.revsh_text), (4 bytes).
    Removing stm32f0xx_hal_flash_ex.o(i.FLASH_MassErase), (36 bytes).
    Removing stm32f0xx_hal_flash_ex.o(i.FLASH_OB_GetRDP), (28 bytes).
    Removing stm32f0xx_hal_flash_ex.o(i.FLASH_OB_RDP_LevelConfig), (96 bytes).
    Removing stm32f0xx_hal_flash_ex.o(i.FLASH_PageErase), (36 bytes).
    Removing stm32f0xx_hal_flash_ex.o(i.HAL_FLASHEx_Erase), (160 bytes).
    Removing stm32f0xx_hal_flash_ex.o(i.HAL_FLASHEx_Erase_IT), (88 bytes).
    Removing stm32f0xx_hal_flash_ex.o(i.HAL_FLASHEx_OBErase), (80 bytes).
    Removing stm32f0xx_hal_flash_ex.o(i.HAL_FLASHEx_OBGetConfig), (36 bytes).
    Removing stm32f0xx_hal_flash_ex.o(i.HAL_FLASHEx_OBProgram), (256 bytes).
    Removing stm32f0xx_hal_tim_ex.o(.rev16_text), (4 bytes).
    Removing stm32f0xx_hal_tim_ex.o(.revsh_text), (4 bytes).
    Removing stm32f0xx_hal_tim_ex.o(i.HAL_TIMEx_ConfigBreakDeadTime), (60 bytes).
    Removing stm32f0xx_hal_tim_ex.o(i.HAL_TIMEx_ConfigCommutationEvent), (88 bytes).
    Removing stm32f0xx_hal_tim_ex.o(i.HAL_TIMEx_ConfigCommutationEvent_DMA), (120 bytes).
    Removing stm32f0xx_hal_tim_ex.o(i.HAL_TIMEx_ConfigCommutationEvent_IT), (98 bytes).
    Removing stm32f0xx_hal_tim_ex.o(i.HAL_TIMEx_HallSensor_DeInit), (52 bytes).
    Removing stm32f0xx_hal_tim_ex.o(i.HAL_TIMEx_HallSensor_GetState), (6 bytes).
    Removing stm32f0xx_hal_tim_ex.o(i.HAL_TIMEx_HallSensor_Init), (184 bytes).
    Removing stm32f0xx_hal_tim_ex.o(i.HAL_TIMEx_HallSensor_MspDeInit), (2 bytes).
    Removing stm32f0xx_hal_tim_ex.o(i.HAL_TIMEx_HallSensor_MspInit), (2 bytes).
    Removing stm32f0xx_hal_tim_ex.o(i.HAL_TIMEx_HallSensor_Start), (28 bytes).
    Removing stm32f0xx_hal_tim_ex.o(i.HAL_TIMEx_HallSensor_Start_DMA), (116 bytes).
    Removing stm32f0xx_hal_tim_ex.o(i.HAL_TIMEx_HallSensor_Start_IT), (38 bytes).
    Removing stm32f0xx_hal_tim_ex.o(i.HAL_TIMEx_HallSensor_Stop), (48 bytes).
    Removing stm32f0xx_hal_tim_ex.o(i.HAL_TIMEx_HallSensor_Stop_DMA), (60 bytes).
    Removing stm32f0xx_hal_tim_ex.o(i.HAL_TIMEx_HallSensor_Stop_IT), (60 bytes).
    Removing stm32f0xx_hal_tim_ex.o(i.HAL_TIMEx_MasterConfigSynchronization), (72 bytes).
    Removing stm32f0xx_hal_tim_ex.o(i.HAL_TIMEx_OCN_Start), (38 bytes).
    Removing stm32f0xx_hal_tim_ex.o(i.HAL_TIMEx_OCN_Start_DMA), (232 bytes).
    Removing stm32f0xx_hal_tim_ex.o(i.HAL_TIMEx_OCN_Start_IT), (94 bytes).
    Removing stm32f0xx_hal_tim_ex.o(i.HAL_TIMEx_OCN_Stop), (76 bytes).
    Removing stm32f0xx_hal_tim_ex.o(i.HAL_TIMEx_OCN_Stop_DMA), (136 bytes).
    Removing stm32f0xx_hal_tim_ex.o(i.HAL_TIMEx_OCN_Stop_IT), (136 bytes).
    Removing stm32f0xx_hal_tim_ex.o(i.HAL_TIMEx_OnePulseN_Start), (28 bytes).
    Removing stm32f0xx_hal_tim_ex.o(i.HAL_TIMEx_OnePulseN_Start_IT), (48 bytes).
    Removing stm32f0xx_hal_tim_ex.o(i.HAL_TIMEx_OnePulseN_Stop), (76 bytes).
    Removing stm32f0xx_hal_tim_ex.o(i.HAL_TIMEx_OnePulseN_Stop_IT), (96 bytes).
    Removing stm32f0xx_hal_tim_ex.o(i.HAL_TIMEx_PWMN_Start), (38 bytes).
    Removing stm32f0xx_hal_tim_ex.o(i.HAL_TIMEx_PWMN_Start_DMA), (232 bytes).
    Removing stm32f0xx_hal_tim_ex.o(i.HAL_TIMEx_PWMN_Start_IT), (94 bytes).
    Removing stm32f0xx_hal_tim_ex.o(i.HAL_TIMEx_PWMN_Stop), (76 bytes).
    Removing stm32f0xx_hal_tim_ex.o(i.HAL_TIMEx_PWMN_Stop_DMA), (136 bytes).
    Removing stm32f0xx_hal_tim_ex.o(i.HAL_TIMEx_PWMN_Stop_IT), (136 bytes).
    Removing stm32f0xx_hal_tim_ex.o(i.HAL_TIMEx_RemapConfig), (30 bytes).
    Removing stm32f0xx_hal_tim_ex.o(i.TIMEx_DMACommutationCplt), (16 bytes).
    Removing stm32f0xx_hal_tim_ex.o(i.TIM_CCxNChannelCmd), (22 bytes).
    Removing stm32f0xx_hal_tim.o(.rev16_text), (4 bytes).
    Removing stm32f0xx_hal_tim.o(.revsh_text), (4 bytes).
    Removing stm32f0xx_hal_tim.o(i.HAL_TIM_Base_DeInit), (52 bytes).
    Removing stm32f0xx_hal_tim.o(i.HAL_TIM_Base_GetState), (6 bytes).
    Removing stm32f0xx_hal_tim.o(i.HAL_TIM_Base_MspDeInit), (2 bytes).
    Removing stm32f0xx_hal_tim.o(i.HAL_TIM_Base_MspInit), (2 bytes).
    Removing stm32f0xx_hal_tim.o(i.HAL_TIM_Base_Start), (24 bytes).
    Removing stm32f0xx_hal_tim.o(i.HAL_TIM_Base_Start_DMA), (100 bytes).
    Removing stm32f0xx_hal_tim.o(i.HAL_TIM_Base_Stop), (48 bytes).
    Removing stm32f0xx_hal_tim.o(i.HAL_TIM_Base_Stop_DMA), (52 bytes).
    Removing stm32f0xx_hal_tim.o(i.HAL_TIM_Base_Stop_IT), (44 bytes).
    Removing stm32f0xx_hal_tim.o(i.HAL_TIM_ConfigClockSource), (238 bytes).
    Removing stm32f0xx_hal_tim.o(i.HAL_TIM_ConfigOCrefClear), (180 bytes).
    Removing stm32f0xx_hal_tim.o(i.HAL_TIM_ConfigTI1Input), (16 bytes).
    Removing stm32f0xx_hal_tim.o(i.HAL_TIM_DMABurst_ReadStart), (268 bytes).
    Removing stm32f0xx_hal_tim.o(i.HAL_TIM_DMABurst_ReadStop), (100 bytes).
    Removing stm32f0xx_hal_tim.o(i.HAL_TIM_DMABurst_WriteStart), (268 bytes).
    Removing stm32f0xx_hal_tim.o(i.HAL_TIM_DMABurst_WriteStop), (100 bytes).
    Removing stm32f0xx_hal_tim.o(i.HAL_TIM_Encoder_DeInit), (52 bytes).
    Removing stm32f0xx_hal_tim.o(i.HAL_TIM_Encoder_GetState), (6 bytes).
    Removing stm32f0xx_hal_tim.o(i.HAL_TIM_Encoder_Init), (152 bytes).
    Removing stm32f0xx_hal_tim.o(i.HAL_TIM_Encoder_MspDeInit), (2 bytes).
    Removing stm32f0xx_hal_tim.o(i.HAL_TIM_Encoder_MspInit), (2 bytes).
    Removing stm32f0xx_hal_tim.o(i.HAL_TIM_Encoder_Start), (52 bytes).
    Removing stm32f0xx_hal_tim.o(i.HAL_TIM_Encoder_Start_DMA), (284 bytes).
    Removing stm32f0xx_hal_tim.o(i.HAL_TIM_Encoder_Start_IT), (92 bytes).
    Removing stm32f0xx_hal_tim.o(i.HAL_TIM_Encoder_Stop), (72 bytes).
    Removing stm32f0xx_hal_tim.o(i.HAL_TIM_Encoder_Stop_DMA), (120 bytes).
    Removing stm32f0xx_hal_tim.o(i.HAL_TIM_Encoder_Stop_IT), (120 bytes).
    Removing stm32f0xx_hal_tim.o(i.HAL_TIM_ErrorCallback), (2 bytes).
    Removing stm32f0xx_hal_tim.o(i.HAL_TIM_GenerateEvent), (36 bytes).
    Removing stm32f0xx_hal_tim.o(i.HAL_TIM_IC_ConfigChannel), (288 bytes).
    Removing stm32f0xx_hal_tim.o(i.HAL_TIM_IC_DeInit), (52 bytes).
    Removing stm32f0xx_hal_tim.o(i.HAL_TIM_IC_GetState), (6 bytes).
    Removing stm32f0xx_hal_tim.o(i.HAL_TIM_IC_Init), (52 bytes).
    Removing stm32f0xx_hal_tim.o(i.HAL_TIM_IC_MspDeInit), (2 bytes).
    Removing stm32f0xx_hal_tim.o(i.HAL_TIM_IC_MspInit), (2 bytes).
    Removing stm32f0xx_hal_tim.o(i.HAL_TIM_IC_Start), (26 bytes).
    Removing stm32f0xx_hal_tim.o(i.HAL_TIM_IC_Start_DMA), (212 bytes).
    Removing stm32f0xx_hal_tim.o(i.HAL_TIM_IC_Start_IT), (72 bytes).
    Removing stm32f0xx_hal_tim.o(i.HAL_TIM_IC_Stop), (48 bytes).
    Removing stm32f0xx_hal_tim.o(i.HAL_TIM_IC_Stop_DMA), (108 bytes).
    Removing stm32f0xx_hal_tim.o(i.HAL_TIM_IC_Stop_IT), (92 bytes).
    Removing stm32f0xx_hal_tim.o(i.HAL_TIM_OC_ConfigChannel), (80 bytes).
    Removing stm32f0xx_hal_tim.o(i.HAL_TIM_OC_DeInit), (52 bytes).
    Removing stm32f0xx_hal_tim.o(i.HAL_TIM_OC_GetState), (6 bytes).
    Removing stm32f0xx_hal_tim.o(i.HAL_TIM_OC_Init), (52 bytes).
    Removing stm32f0xx_hal_tim.o(i.HAL_TIM_OC_MspDeInit), (2 bytes).
    Removing stm32f0xx_hal_tim.o(i.HAL_TIM_OC_MspInit), (2 bytes).
    Removing stm32f0xx_hal_tim.o(i.HAL_TIM_OC_Start), (68 bytes).
    Removing stm32f0xx_hal_tim.o(i.HAL_TIM_OC_Start_DMA), (264 bytes).
    Removing stm32f0xx_hal_tim.o(i.HAL_TIM_OC_Start_IT), (116 bytes).
    Removing stm32f0xx_hal_tim.o(i.HAL_TIM_OC_Stop), (100 bytes).
    Removing stm32f0xx_hal_tim.o(i.HAL_TIM_OC_Stop_DMA), (160 bytes).
    Removing stm32f0xx_hal_tim.o(i.HAL_TIM_OC_Stop_IT), (148 bytes).
    Removing stm32f0xx_hal_tim.o(i.HAL_TIM_OnePulse_ConfigChannel), (214 bytes).
    Removing stm32f0xx_hal_tim.o(i.HAL_TIM_OnePulse_DeInit), (52 bytes).
    Removing stm32f0xx_hal_tim.o(i.HAL_TIM_OnePulse_GetState), (6 bytes).
    Removing stm32f0xx_hal_tim.o(i.HAL_TIM_OnePulse_Init), (72 bytes).
    Removing stm32f0xx_hal_tim.o(i.HAL_TIM_OnePulse_MspDeInit), (2 bytes).
    Removing stm32f0xx_hal_tim.o(i.HAL_TIM_OnePulse_MspInit), (2 bytes).
    Removing stm32f0xx_hal_tim.o(i.HAL_TIM_OnePulse_Start), (72 bytes).
    Removing stm32f0xx_hal_tim.o(i.HAL_TIM_OnePulse_Start_IT), (92 bytes).
    Removing stm32f0xx_hal_tim.o(i.HAL_TIM_OnePulse_Stop), (112 bytes).
    Removing stm32f0xx_hal_tim.o(i.HAL_TIM_OnePulse_Stop_IT), (132 bytes).
    Removing stm32f0xx_hal_tim.o(i.HAL_TIM_PWM_ConfigChannel), (208 bytes).
    Removing stm32f0xx_hal_tim.o(i.HAL_TIM_PWM_DeInit), (52 bytes).
    Removing stm32f0xx_hal_tim.o(i.HAL_TIM_PWM_GetState), (6 bytes).
    Removing stm32f0xx_hal_tim.o(i.HAL_TIM_PWM_Init), (52 bytes).
    Removing stm32f0xx_hal_tim.o(i.HAL_TIM_PWM_MspDeInit), (2 bytes).
    Removing stm32f0xx_hal_tim.o(i.HAL_TIM_PWM_MspInit), (2 bytes).
    Removing stm32f0xx_hal_tim.o(i.HAL_TIM_PWM_Start), (68 bytes).
    Removing stm32f0xx_hal_tim.o(i.HAL_TIM_PWM_Start_DMA), (264 bytes).
    Removing stm32f0xx_hal_tim.o(i.HAL_TIM_PWM_Start_IT), (116 bytes).
    Removing stm32f0xx_hal_tim.o(i.HAL_TIM_PWM_Stop), (108 bytes).
    Removing stm32f0xx_hal_tim.o(i.HAL_TIM_PWM_Stop_DMA), (160 bytes).
    Removing stm32f0xx_hal_tim.o(i.HAL_TIM_PWM_Stop_IT), (148 bytes).
    Removing stm32f0xx_hal_tim.o(i.HAL_TIM_PeriodElapsedCallback), (2 bytes).
    Removing stm32f0xx_hal_tim.o(i.HAL_TIM_ReadCapturedValue), (70 bytes).
    Removing stm32f0xx_hal_tim.o(i.HAL_TIM_SlaveConfigSynchronization), (60 bytes).
    Removing stm32f0xx_hal_tim.o(i.HAL_TIM_SlaveConfigSynchronization_IT), (60 bytes).
    Removing stm32f0xx_hal_tim.o(i.TIM_CCxChannelCmd), (22 bytes).
    Removing stm32f0xx_hal_tim.o(i.TIM_DMACaptureCplt), (62 bytes).
    Removing stm32f0xx_hal_tim.o(i.TIM_DMADelayPulseCplt), (62 bytes).
    Removing stm32f0xx_hal_tim.o(i.TIM_DMAError), (16 bytes).
    Removing stm32f0xx_hal_tim.o(i.TIM_DMAPeriodElapsedCplt), (16 bytes).
    Removing stm32f0xx_hal_tim.o(i.TIM_DMATriggerCplt), (16 bytes).
    Removing stm32f0xx_hal_tim.o(i.TIM_ETR_SetConfig), (22 bytes).
    Removing stm32f0xx_hal_tim.o(i.TIM_ITRx_SetConfig), (16 bytes).
    Removing stm32f0xx_hal_tim.o(i.TIM_OC1_SetConfig), (120 bytes).
    Removing stm32f0xx_hal_tim.o(i.TIM_OC2_SetConfig), (116 bytes).
    Removing stm32f0xx_hal_tim.o(i.TIM_OC3_SetConfig), (120 bytes).
    Removing stm32f0xx_hal_tim.o(i.TIM_OC4_SetConfig), (96 bytes).
    Removing stm32f0xx_hal_tim.o(i.TIM_SlaveTimer_SetConfig), (122 bytes).
    Removing stm32f0xx_hal_tim.o(i.TIM_TI1_ConfigInputStage), (34 bytes).
    Removing stm32f0xx_hal_tim.o(i.TIM_TI1_SetConfig), (68 bytes).
    Removing stm32f0xx_hal_tim.o(i.TIM_TI2_ConfigInputStage), (38 bytes).
    Removing stm32f0xx_hal_tim.o(i.TIM_TI2_SetConfig), (52 bytes).
    Removing stm32f0xx_hal_uart.o(.rev16_text), (4 bytes).
    Removing stm32f0xx_hal_uart.o(.revsh_text), (4 bytes).
    Removing stm32f0xx_hal_uart.o(i.HAL_HalfDuplex_EnableReceiver), (52 bytes).
    Removing stm32f0xx_hal_uart.o(i.HAL_HalfDuplex_EnableTransmitter), (52 bytes).
    Removing stm32f0xx_hal_uart.o(i.HAL_HalfDuplex_Init), (118 bytes).
    Removing stm32f0xx_hal_uart.o(i.HAL_MultiProcessor_DisableMuteMode), (42 bytes).
    Removing stm32f0xx_hal_uart.o(i.HAL_MultiProcessor_EnableMuteMode), (42 bytes).
    Removing stm32f0xx_hal_uart.o(i.HAL_MultiProcessor_EnterMuteMode), (12 bytes).
    Removing stm32f0xx_hal_uart.o(i.HAL_MultiProcessor_Init), (144 bytes).
    Removing stm32f0xx_hal_uart.o(i.HAL_UART_DMAPause), (78 bytes).
    Removing stm32f0xx_hal_uart.o(i.HAL_UART_DMAResume), (88 bytes).
    Removing stm32f0xx_hal_uart.o(i.HAL_UART_DMAStop), (54 bytes).
    Removing stm32f0xx_hal_uart.o(i.HAL_UART_DeInit), (60 bytes).
    Removing stm32f0xx_hal_uart.o(i.HAL_UART_ErrorCallback), (2 bytes).
    Removing stm32f0xx_hal_uart.o(i.HAL_UART_GetError), (4 bytes).
    Removing stm32f0xx_hal_uart.o(i.HAL_UART_GetState), (6 bytes).
    Removing stm32f0xx_hal_uart.o(i.HAL_UART_MspDeInit), (2 bytes).
    Removing stm32f0xx_hal_uart.o(i.HAL_UART_MspInit), (2 bytes).
    Removing stm32f0xx_hal_uart.o(i.HAL_UART_Receive), (224 bytes).
    Removing stm32f0xx_hal_uart.o(i.HAL_UART_Receive_DMA), (132 bytes).
    Removing stm32f0xx_hal_uart.o(i.HAL_UART_Receive_IT), (148 bytes).
    Removing stm32f0xx_hal_uart.o(i.HAL_UART_RxCpltCallback), (2 bytes).
    Removing stm32f0xx_hal_uart.o(i.HAL_UART_RxHalfCpltCallback), (2 bytes).
    Removing stm32f0xx_hal_uart.o(i.HAL_UART_Transmit_DMA), (140 bytes).
    Removing stm32f0xx_hal_uart.o(i.HAL_UART_Transmit_IT), (96 bytes).
    Removing stm32f0xx_hal_uart.o(i.HAL_UART_TxCpltCallback), (2 bytes).
    Removing stm32f0xx_hal_uart.o(i.HAL_UART_TxHalfCpltCallback), (2 bytes).
    Removing stm32f0xx_hal_uart.o(i.UART_DMAError), (34 bytes).
    Removing stm32f0xx_hal_uart.o(i.UART_DMAReceiveCplt), (54 bytes).
    Removing stm32f0xx_hal_uart.o(i.UART_DMARxHalfCplt), (10 bytes).
    Removing stm32f0xx_hal_uart.o(i.UART_DMATransmitCplt), (48 bytes).
    Removing stm32f0xx_hal_uart.o(i.UART_DMATxHalfCplt), (10 bytes).
    Removing stm32f0xx_hal_uart.o(i.UART_EndTransmit_IT), (48 bytes).
    Removing stm32f0xx_hal_uart.o(i.UART_Receive_IT), (142 bytes).
    Removing stm32f0xx_hal_uart.o(i.UART_Transmit_IT), (110 bytes).
    Removing cleds.o(.rev16_text), (4 bytes).
    Removing cleds.o(.revsh_text), (4 bytes).
    Removing si2c.o(.rev16_text), (4 bytes).
    Removing si2c.o(.revsh_text), (4 bytes).
    Removing si2c.o(i.checkI2CHardAddress), (16 bytes).
    Removing si2c.o(i.device_read), (348 bytes).
    Removing si2c.o(i.device_write), (168 bytes).
    Removing si2c.o(i.getI2CSoftAddress), (4 bytes).
    Removing si2c.o(i.i2cdata_write), (24 bytes).
    Removing si2c.o(.data), (3 bytes).
    Removing srgb.o(.rev16_text), (4 bytes).
    Removing srgb.o(.revsh_text), (4 bytes).
    Removing startup_stm32f030x6.o(HEAP), (512 bytes).
    Removing dadd.o(.text), (356 bytes).
    Removing dmul.o(.text), (208 bytes).
    Removing ddiv.o(.text), (240 bytes).
    Removing dfixul.o(.text), (64 bytes).
    Removing cdrcmple.o(.text), (40 bytes).
    Removing depilogue.o(.text), (190 bytes).
    Removing depilogue.o(i.__ARM_clz), (46 bytes).

351 unused section(s) (total 24689 bytes) removed from the image.

==============================================================================

Image Symbol Table

    Local Symbols

    Symbol Name                              Value     Ov Type        Size  Object(Section)

    ../Drivers/CMSIS//Device/ST/STM32F0xx/Source/Templates/system_stm32f0xx.c 0x00000000   Number         0  system_stm32f0xx_1.o ABSOLUTE
    ../Drivers/STM32F0xx_HAL_Driver/Src/stm32f0xx_hal.c 0x00000000   Number         0  stm32f0xx_hal.o ABSOLUTE
    ../Drivers/STM32F0xx_HAL_Driver/Src/stm32f0xx_hal_cortex.c 0x00000000   Number         0  stm32f0xx_hal_cortex.o ABSOLUTE
    ../Drivers/STM32F0xx_HAL_Driver/Src/stm32f0xx_hal_dma.c 0x00000000   Number         0  stm32f0xx_hal_dma.o ABSOLUTE
    ../Drivers/STM32F0xx_HAL_Driver/Src/stm32f0xx_hal_flash.c 0x00000000   Number         0  stm32f0xx_hal_flash.o ABSOLUTE
    ../Drivers/STM32F0xx_HAL_Driver/Src/stm32f0xx_hal_flash_ex.c 0x00000000   Number         0  stm32f0xx_hal_flash_ex.o ABSOLUTE
    ../Drivers/STM32F0xx_HAL_Driver/Src/stm32f0xx_hal_gpio.c 0x00000000   Number         0  stm32f0xx_hal_gpio.o ABSOLUTE
    ../Drivers/STM32F0xx_HAL_Driver/Src/stm32f0xx_hal_i2c.c 0x00000000   Number         0  stm32f0xx_hal_i2c.o ABSOLUTE
    ../Drivers/STM32F0xx_HAL_Driver/Src/stm32f0xx_hal_i2c_ex.c 0x00000000   Number         0  stm32f0xx_hal_i2c_ex.o ABSOLUTE
    ../Drivers/STM32F0xx_HAL_Driver/Src/stm32f0xx_hal_pwr.c 0x00000000   Number         0  stm32f0xx_hal_pwr.o ABSOLUTE
    ../Drivers/STM32F0xx_HAL_Driver/Src/stm32f0xx_hal_pwr_ex.c 0x00000000   Number         0  stm32f0xx_hal_pwr_ex.o ABSOLUTE
    ../Drivers/STM32F0xx_HAL_Driver/Src/stm32f0xx_hal_rcc.c 0x00000000   Number         0  stm32f0xx_hal_rcc.o ABSOLUTE
    ../Drivers/STM32F0xx_HAL_Driver/Src/stm32f0xx_hal_rcc_ex.c 0x00000000   Number         0  stm32f0xx_hal_rcc_ex.o ABSOLUTE
    ../Drivers/STM32F0xx_HAL_Driver/Src/stm32f0xx_hal_tim.c 0x00000000   Number         0  stm32f0xx_hal_tim.o ABSOLUTE
    ../Drivers/STM32F0xx_HAL_Driver/Src/stm32f0xx_hal_tim_ex.c 0x00000000   Number         0  stm32f0xx_hal_tim_ex.o ABSOLUTE
    ../Drivers/STM32F0xx_HAL_Driver/Src/stm32f0xx_hal_uart.c 0x00000000   Number         0  stm32f0xx_hal_uart.o ABSOLUTE
    ../Drivers/STM32F0xx_HAL_Driver/Src/stm32f0xx_hal_uart_ex.c 0x00000000   Number         0  stm32f0xx_hal_uart_ex.o ABSOLUTE
    ../Src/dma.c                             0x00000000   Number         0  dma.o ABSOLUTE
    ../Src/gpio.c                            0x00000000   Number         0  gpio.o ABSOLUTE
    ../Src/i2c.c                             0x00000000   Number         0  i2c.o ABSOLUTE
    ../Src/main.c                            0x00000000   Number         0  main.o ABSOLUTE
    ../Src/stm32f0xx_hal_msp.c               0x00000000   Number         0  stm32f0xx_hal_msp.o ABSOLUTE
    ../Src/stm32f0xx_it.c                    0x00000000   Number         0  stm32f0xx_it.o ABSOLUTE
    ../Src/tim.c                             0x00000000   Number         0  tim.o ABSOLUTE
    ../Src/usart.c                           0x00000000   Number         0  usart.o ABSOLUTE
    ../clib/microlib/division.c              0x00000000   Number         0  uidiv.o ABSOLUTE
    ../clib/microlib/division.c              0x00000000   Number         0  uldiv.o ABSOLUTE
    ../clib/microlib/init/entry.s            0x00000000   Number         0  entry.o ABSOLUTE
    ../clib/microlib/init/entry.s            0x00000000   Number         0  entry10a.o ABSOLUTE
    ../clib/microlib/init/entry.s            0x00000000   Number         0  entry9b.o ABSOLUTE
    ../clib/microlib/init/entry.s            0x00000000   Number         0  entry9a.o ABSOLUTE
    ../clib/microlib/init/entry.s            0x00000000   Number         0  entry7b.o ABSOLUTE
    ../clib/microlib/init/entry.s            0x00000000   Number         0  entry5.o ABSOLUTE
    ../clib/microlib/init/entry.s            0x00000000   Number         0  entry8b.o ABSOLUTE
    ../clib/microlib/init/entry.s            0x00000000   Number         0  entry7a.o ABSOLUTE
    ../clib/microlib/init/entry.s            0x00000000   Number         0  entry8a.o ABSOLUTE
    ../clib/microlib/init/entry.s            0x00000000   Number         0  entry11b.o ABSOLUTE
    ../clib/microlib/init/entry.s            0x00000000   Number         0  entry11a.o ABSOLUTE
    ../clib/microlib/init/entry.s            0x00000000   Number         0  entry10b.o ABSOLUTE
    ../clib/microlib/init/entry.s            0x00000000   Number         0  entry2.o ABSOLUTE
    ../clib/microlib/longlong.c              0x00000000   Number         0  llsshr.o ABSOLUTE
    ../clib/microlib/longlong.c              0x00000000   Number         0  llushr.o ABSOLUTE
    ../clib/microlib/longlong.c              0x00000000   Number         0  llshl.o ABSOLUTE
    ../clib/microlib/printf/printf.c         0x00000000   Number         0  printfb.o ABSOLUTE
    ../clib/microlib/printf/printf.c         0x00000000   Number         0  printf5.o ABSOLUTE
    ../clib/microlib/printf/printf.c         0x00000000   Number         0  printfa.o ABSOLUTE
    ../clib/microlib/printf/printf.c         0x00000000   Number         0  printf4.o ABSOLUTE
    ../clib/microlib/printf/printf.c         0x00000000   Number         0  printf8.o ABSOLUTE
    ../clib/microlib/printf/printf.c         0x00000000   Number         0  printf6.o ABSOLUTE
    ../clib/microlib/printf/printf.c         0x00000000   Number         0  printf3.o ABSOLUTE
    ../clib/microlib/printf/printf.c         0x00000000   Number         0  printf7.o ABSOLUTE
    ../clib/microlib/printf/printf.c         0x00000000   Number         0  printf2.o ABSOLUTE
    ../clib/microlib/printf/printf.c         0x00000000   Number         0  printf1.o ABSOLUTE
    ../clib/microlib/printf/printf.c         0x00000000   Number         0  printf0.o ABSOLUTE
    ../clib/microlib/printf/stubs.s          0x00000000   Number         0  stubs.o ABSOLUTE
    ../clib/microlib/stdio/streams.c         0x00000000   Number         0  stdout.o ABSOLUTE
    ../clib/microlib/string/memcpy.c         0x00000000   Number         0  memcpya.o ABSOLUTE
    ../clib/microlib/string/memcpy.c         0x00000000   Number         0  memcpyb.o ABSOLUTE
    ../clib/microlib/string/memset.c         0x00000000   Number         0  memseta.o ABSOLUTE
    ../clib/microlib/stubs.s                 0x00000000   Number         0  iusefp.o ABSOLUTE
    ../fplib/microlib/fpadd.c                0x00000000   Number         0  dadd.o ABSOLUTE
    ../fplib/microlib/fpdiv.c                0x00000000   Number         0  ddiv.o ABSOLUTE
    ../fplib/microlib/fpepilogue.c           0x00000000   Number         0  depilogue.o ABSOLUTE
    ../fplib/microlib/fpfix.c                0x00000000   Number         0  dfixul.o ABSOLUTE
    ../fplib/microlib/fpmul.c                0x00000000   Number         0  dmul.o ABSOLUTE
    ..\..\..\SlaveLibraries\cLEDs.c          0x00000000   Number         0  cleds.o ABSOLUTE
    ..\..\..\SlaveLibraries\sI2C.c           0x00000000   Number         0  si2c.o ABSOLUTE
    ..\..\..\SlaveLibraries\sRGB.c           0x00000000   Number         0  srgb.o ABSOLUTE
    ..\Drivers\CMSIS\\Device\ST\STM32F0xx\Source\Templates\system_stm32f0xx.c 0x00000000   Number         0  system_stm32f0xx_1.o ABSOLUTE
    ..\Drivers\STM32F0xx_HAL_Driver\Src\stm32f0xx_hal.c 0x00000000   Number         0  stm32f0xx_hal.o ABSOLUTE
    ..\Drivers\STM32F0xx_HAL_Driver\Src\stm32f0xx_hal_cortex.c 0x00000000   Number         0  stm32f0xx_hal_cortex.o ABSOLUTE
    ..\Drivers\STM32F0xx_HAL_Driver\Src\stm32f0xx_hal_dma.c 0x00000000   Number         0  stm32f0xx_hal_dma.o ABSOLUTE
    ..\Drivers\STM32F0xx_HAL_Driver\Src\stm32f0xx_hal_flash.c 0x00000000   Number         0  stm32f0xx_hal_flash.o ABSOLUTE
    ..\Drivers\STM32F0xx_HAL_Driver\Src\stm32f0xx_hal_flash_ex.c 0x00000000   Number         0  stm32f0xx_hal_flash_ex.o ABSOLUTE
    ..\Drivers\STM32F0xx_HAL_Driver\Src\stm32f0xx_hal_gpio.c 0x00000000   Number         0  stm32f0xx_hal_gpio.o ABSOLUTE
    ..\Drivers\STM32F0xx_HAL_Driver\Src\stm32f0xx_hal_i2c.c 0x00000000   Number         0  stm32f0xx_hal_i2c.o ABSOLUTE
    ..\Drivers\STM32F0xx_HAL_Driver\Src\stm32f0xx_hal_i2c_ex.c 0x00000000   Number         0  stm32f0xx_hal_i2c_ex.o ABSOLUTE
    ..\Drivers\STM32F0xx_HAL_Driver\Src\stm32f0xx_hal_pwr.c 0x00000000   Number         0  stm32f0xx_hal_pwr.o ABSOLUTE
    ..\Drivers\STM32F0xx_HAL_Driver\Src\stm32f0xx_hal_pwr_ex.c 0x00000000   Number         0  stm32f0xx_hal_pwr_ex.o ABSOLUTE
    ..\Drivers\STM32F0xx_HAL_Driver\Src\stm32f0xx_hal_rcc.c 0x00000000   Number         0  stm32f0xx_hal_rcc.o ABSOLUTE
    ..\Drivers\STM32F0xx_HAL_Driver\Src\stm32f0xx_hal_rcc_ex.c 0x00000000   Number         0  stm32f0xx_hal_rcc_ex.o ABSOLUTE
    ..\Drivers\STM32F0xx_HAL_Driver\Src\stm32f0xx_hal_tim.c 0x00000000   Number         0  stm32f0xx_hal_tim.o ABSOLUTE
    ..\Drivers\STM32F0xx_HAL_Driver\Src\stm32f0xx_hal_tim_ex.c 0x00000000   Number         0  stm32f0xx_hal_tim_ex.o ABSOLUTE
    ..\Drivers\STM32F0xx_HAL_Driver\Src\stm32f0xx_hal_uart.c 0x00000000   Number         0  stm32f0xx_hal_uart.o ABSOLUTE
    ..\Drivers\STM32F0xx_HAL_Driver\Src\stm32f0xx_hal_uart_ex.c 0x00000000   Number         0  stm32f0xx_hal_uart_ex.o ABSOLUTE
    ..\Src\dma.c                             0x00000000   Number         0  dma.o ABSOLUTE
    ..\Src\gpio.c                            0x00000000   Number         0  gpio.o ABSOLUTE
    ..\Src\i2c.c                             0x00000000   Number         0  i2c.o ABSOLUTE
    ..\Src\main.c                            0x00000000   Number         0  main.o ABSOLUTE
    ..\Src\stm32f0xx_hal_msp.c               0x00000000   Number         0  stm32f0xx_hal_msp.o ABSOLUTE
    ..\Src\stm32f0xx_it.c                    0x00000000   Number         0  stm32f0xx_it.o ABSOLUTE
    ..\Src\tim.c                             0x00000000   Number         0  tim.o ABSOLUTE
    ..\Src\usart.c                           0x00000000   Number         0  usart.o ABSOLUTE
    ..\\..\\..\\SlaveLibraries\\cLEDs.c      0x00000000   Number         0  cleds.o ABSOLUTE
    ..\\..\\..\\SlaveLibraries\\sI2C.c       0x00000000   Number         0  si2c.o ABSOLUTE
    ..\\..\\..\\SlaveLibraries\\sRGB.c       0x00000000   Number         0  srgb.o ABSOLUTE
    cdrcmple.s                               0x00000000   Number         0  cdrcmple.o ABSOLUTE
    dc.s                                     0x00000000   Number         0  dc.o ABSOLUTE
    handlers.s                               0x00000000   Number         0  handlers.o ABSOLUTE
    init.s                                   0x00000000   Number         0  init.o ABSOLUTE
    startup_stm32f030x6.s                    0x00000000   Number         0  startup_stm32f030x6.o ABSOLUTE
    RESET                                    0x08001000   Section      176  startup_stm32f030x6.o(RESET)
    .ARM.Collect$$$$00000000                 0x080010b0   Section        0  entry.o(.ARM.Collect$$$$00000000)
    .ARM.Collect$$$$00000001                 0x080010b0   Section        4  entry2.o(.ARM.Collect$$$$00000001)
    .ARM.Collect$$$$00000004                 0x080010b4   Section        4  entry5.o(.ARM.Collect$$$$00000004)
    .ARM.Collect$$$$00000008                 0x080010b8   Section        0  entry7b.o(.ARM.Collect$$$$00000008)
    .ARM.Collect$$$$0000000A                 0x080010b8   Section        0  entry8b.o(.ARM.Collect$$$$0000000A)
    .ARM.Collect$$$$0000000B                 0x080010b8   Section        8  entry9a.o(.ARM.Collect$$$$0000000B)
    .ARM.Collect$$$$0000000D                 0x080010c0   Section        0  entry10a.o(.ARM.Collect$$$$0000000D)
    .ARM.Collect$$$$0000000F                 0x080010c0   Section        0  entry11a.o(.ARM.Collect$$$$0000000F)
    .ARM.Collect$$$$00002712                 0x080010c0   Section        4  entry2.o(.ARM.Collect$$$$00002712)
    __lit__00000000                          0x080010c0   Data           4  entry2.o(.ARM.Collect$$$$00002712)
    .text                                    0x080010c4   Section       28  startup_stm32f030x6.o(.text)
    .text                                    0x080010e0   Section        0  uidiv.o(.text)
    .text                                    0x0800110c   Section        0  llushr.o(.text)
    .text                                    0x0800112e   Section        0  memcpya.o(.text)
    .text                                    0x08001152   Section        0  memseta.o(.text)
    .text                                    0x08001176   Section        0  uldiv.o(.text)
    .text                                    0x080011d8   Section       36  init.o(.text)
    .text                                    0x080011fc   Section        0  llshl.o(.text)
    i.DMA1_Channel2_3_IRQHandler             0x0800121c   Section        0  stm32f0xx_it.o(i.DMA1_Channel2_3_IRQHandler)
    i.DMA_SetConfig                          0x08001234   Section        0  stm32f0xx_hal_dma.o(i.DMA_SetConfig)
    DMA_SetConfig                            0x08001235   Thumb Code    30  stm32f0xx_hal_dma.o(i.DMA_SetConfig)
    i.HAL_DMA_Abort                          0x08001252   Section        0  stm32f0xx_hal_dma.o(i.HAL_DMA_Abort)
    i.HAL_DMA_IRQHandler                     0x080012a0   Section        0  stm32f0xx_hal_dma.o(i.HAL_DMA_IRQHandler)
    i.HAL_DMA_Init                           0x0800147c   Section        0  stm32f0xx_hal_dma.o(i.HAL_DMA_Init)
    i.HAL_DMA_Start_IT                       0x080014d0   Section        0  stm32f0xx_hal_dma.o(i.HAL_DMA_Start_IT)
    i.HAL_GPIO_Init                          0x08001520   Section        0  stm32f0xx_hal_gpio.o(i.HAL_GPIO_Init)
    i.HAL_GPIO_TogglePin                     0x08001668   Section        0  stm32f0xx_hal_gpio.o(i.HAL_GPIO_TogglePin)
    i.HAL_GPIO_WritePin                      0x08001670   Section        0  stm32f0xx_hal_gpio.o(i.HAL_GPIO_WritePin)
    i.HAL_GetTick                            0x0800167c   Section        0  stm32f0xx_hal.o(i.HAL_GetTick)
    i.HAL_I2CEx_ConfigAnalogFilter           0x08001688   Section        0  stm32f0xx_hal_i2c_ex.o(i.HAL_I2CEx_ConfigAnalogFilter)
    i.HAL_I2C_ER_IRQHandler                  0x080016e8   Section        0  stm32f0xx_hal_i2c.o(i.HAL_I2C_ER_IRQHandler)
    i.HAL_I2C_EV_IRQHandler                  0x08001758   Section        0  stm32f0xx_hal_i2c.o(i.HAL_I2C_EV_IRQHandler)
    i.HAL_I2C_ErrorCallback                  0x0800187c   Section        0  main.o(i.HAL_I2C_ErrorCallback)
    i.HAL_I2C_GetState                       0x080018d0   Section        0  stm32f0xx_hal_i2c.o(i.HAL_I2C_GetState)
    i.HAL_I2C_Init                           0x080018d8   Section        0  stm32f0xx_hal_i2c.o(i.HAL_I2C_Init)
    i.HAL_I2C_MasterRxCpltCallback           0x0800197c   Section        0  stm32f0xx_hal_i2c.o(i.HAL_I2C_MasterRxCpltCallback)
    i.HAL_I2C_MasterTxCpltCallback           0x0800197e   Section        0  stm32f0xx_hal_i2c.o(i.HAL_I2C_MasterTxCpltCallback)
    i.HAL_I2C_MemRxCpltCallback              0x08001980   Section        0  stm32f0xx_hal_i2c.o(i.HAL_I2C_MemRxCpltCallback)
    i.HAL_I2C_MemTxCpltCallback              0x08001982   Section        0  stm32f0xx_hal_i2c.o(i.HAL_I2C_MemTxCpltCallback)
    i.HAL_I2C_MspInit                        0x08001984   Section        0  i2c.o(i.HAL_I2C_MspInit)
    i.HAL_I2C_SlaveRxCpltCallback            0x08001a5c   Section        0  main.o(i.HAL_I2C_SlaveRxCpltCallback)
    i.HAL_I2C_SlaveTxCpltCallback            0x08001afc   Section        0  main.o(i.HAL_I2C_SlaveTxCpltCallback)
    i.HAL_I2C_Slave_Receive_DMA              0x08001b3c   Section        0  stm32f0xx_hal_i2c.o(i.HAL_I2C_Slave_Receive_DMA)
    i.HAL_I2C_Slave_Transmit_DMA             0x08001be8   Section        0  stm32f0xx_hal_i2c.o(i.HAL_I2C_Slave_Transmit_DMA)
    i.HAL_IncTick                            0x08001cb4   Section        0  stm32f0xx_hal.o(i.HAL_IncTick)
    i.HAL_Init                               0x08001cc4   Section        0  stm32f0xx_hal.o(i.HAL_Init)
    i.HAL_InitTick                           0x08001ce4   Section        0  stm32f0xx_hal.o(i.HAL_InitTick)
    i.HAL_MspInit                            0x08001d08   Section        0  stm32f0xx_hal_msp.o(i.HAL_MspInit)
    i.HAL_NVIC_ClearPendingIRQ               0x08001d2c   Section        0  stm32f0xx_hal_cortex.o(i.HAL_NVIC_ClearPendingIRQ)
    i.HAL_NVIC_EnableIRQ                     0x08001d40   Section        0  stm32f0xx_hal_cortex.o(i.HAL_NVIC_EnableIRQ)
    i.HAL_NVIC_SetPriority                   0x08001d54   Section        0  stm32f0xx_hal_cortex.o(i.HAL_NVIC_SetPriority)
    i.HAL_RCCEx_PeriphCLKConfig              0x08001d5c   Section        0  stm32f0xx_hal_rcc_ex.o(i.HAL_RCCEx_PeriphCLKConfig)
    i.HAL_RCC_ClockConfig                    0x08001e24   Section        0  stm32f0xx_hal_rcc.o(i.HAL_RCC_ClockConfig)
    i.HAL_RCC_GetHCLKFreq                    0x08001fc0   Section        0  stm32f0xx_hal_rcc.o(i.HAL_RCC_GetHCLKFreq)
    i.HAL_RCC_GetPCLK1Freq                   0x08001fe8   Section        0  stm32f0xx_hal_rcc.o(i.HAL_RCC_GetPCLK1Freq)
    i.HAL_RCC_GetSysClockFreq                0x08002008   Section        0  stm32f0xx_hal_rcc.o(i.HAL_RCC_GetSysClockFreq)
    i.HAL_RCC_OscConfig                      0x08002080   Section        0  stm32f0xx_hal_rcc.o(i.HAL_RCC_OscConfig)
    i.HAL_SYSTICK_CLKSourceConfig            0x08002408   Section        0  stm32f0xx_hal_cortex.o(i.HAL_SYSTICK_CLKSourceConfig)
    i.HAL_SYSTICK_Callback                   0x08002420   Section        0  main.o(i.HAL_SYSTICK_Callback)
    i.HAL_SYSTICK_Config                     0x08002458   Section        0  stm32f0xx_hal_cortex.o(i.HAL_SYSTICK_Config)
    i.HAL_SYSTICK_IRQHandler                 0x08002488   Section        0  stm32f0xx_hal_cortex.o(i.HAL_SYSTICK_IRQHandler)
    i.HAL_TIMEx_BreakCallback                0x08002490   Section        0  stm32f0xx_hal_tim_ex.o(i.HAL_TIMEx_BreakCallback)
    i.HAL_TIMEx_CommutationCallback          0x08002492   Section        0  stm32f0xx_hal_tim_ex.o(i.HAL_TIMEx_CommutationCallback)
    i.HAL_TIM_Base_Init                      0x08002494   Section        0  stm32f0xx_hal_tim.o(i.HAL_TIM_Base_Init)
    i.HAL_TIM_Base_MspInit                   0x080024c8   Section        0  tim.o(i.HAL_TIM_Base_MspInit)
    i.HAL_TIM_Base_Start_IT                  0x08002500   Section        0  stm32f0xx_hal_tim.o(i.HAL_TIM_Base_Start_IT)
    i.HAL_TIM_IC_CaptureCallback             0x08002516   Section        0  stm32f0xx_hal_tim.o(i.HAL_TIM_IC_CaptureCallback)
    i.HAL_TIM_IRQHandler                     0x08002518   Section        0  stm32f0xx_hal_tim.o(i.HAL_TIM_IRQHandler)
    i.HAL_TIM_OC_DelayElapsedCallback        0x0800267a   Section        0  stm32f0xx_hal_tim.o(i.HAL_TIM_OC_DelayElapsedCallback)
    i.HAL_TIM_PWM_PulseFinishedCallback      0x0800267c   Section        0  stm32f0xx_hal_tim.o(i.HAL_TIM_PWM_PulseFinishedCallback)
    i.HAL_TIM_PeriodElapsedCallback          0x08002680   Section        0  main.o(i.HAL_TIM_PeriodElapsedCallback)
    i.HAL_TIM_TriggerCallback                0x080026a8   Section        0  stm32f0xx_hal_tim.o(i.HAL_TIM_TriggerCallback)
    i.HAL_UART_Init                          0x080026aa   Section        0  stm32f0xx_hal_uart.o(i.HAL_UART_Init)
    i.HAL_UART_MspInit                       0x08002718   Section        0  usart.o(i.HAL_UART_MspInit)
    i.HAL_UART_Transmit                      0x08002760   Section        0  stm32f0xx_hal_uart.o(i.HAL_UART_Transmit)
    i.I2C1_IRQHandler                        0x0800281c   Section        0  stm32f0xx_it.o(i.I2C1_IRQHandler)
    i.I2C_DMAError                           0x0800283c   Section        0  stm32f0xx_hal_i2c.o(i.I2C_DMAError)
    I2C_DMAError                             0x0800283d   Thumb Code    40  stm32f0xx_hal_i2c.o(i.I2C_DMAError)
    i.I2C_DMASlaveReceiveCplt                0x08002864   Section        0  stm32f0xx_hal_i2c.o(i.I2C_DMASlaveReceiveCplt)
    I2C_DMASlaveReceiveCplt                  0x08002865   Thumb Code   110  stm32f0xx_hal_i2c.o(i.I2C_DMASlaveReceiveCplt)
    i.I2C_DMASlaveTransmitCplt               0x080028d2   Section        0  stm32f0xx_hal_i2c.o(i.I2C_DMASlaveTransmitCplt)
    I2C_DMASlaveTransmitCplt                 0x080028d3   Thumb Code   102  stm32f0xx_hal_i2c.o(i.I2C_DMASlaveTransmitCplt)
    i.I2C_IsAcknowledgeFailed                0x08002938   Section        0  stm32f0xx_hal_i2c.o(i.I2C_IsAcknowledgeFailed)
    I2C_IsAcknowledgeFailed                  0x08002939   Thumb Code   144  stm32f0xx_hal_i2c.o(i.I2C_IsAcknowledgeFailed)
    i.I2C_MasterReceive_ISR                  0x080029cc   Section        0  stm32f0xx_hal_i2c.o(i.I2C_MasterReceive_ISR)
    I2C_MasterReceive_ISR                    0x080029cd   Thumb Code   256  stm32f0xx_hal_i2c.o(i.I2C_MasterReceive_ISR)
    i.I2C_MasterTransmit_ISR                 0x08002ad0   Section        0  stm32f0xx_hal_i2c.o(i.I2C_MasterTransmit_ISR)
    I2C_MasterTransmit_ISR                   0x08002ad1   Thumb Code   256  stm32f0xx_hal_i2c.o(i.I2C_MasterTransmit_ISR)
    i.I2C_SlaveReceive_ISR                   0x08002bd4   Section        0  stm32f0xx_hal_i2c.o(i.I2C_SlaveReceive_ISR)
    I2C_SlaveReceive_ISR                     0x08002bd5   Thumb Code   148  stm32f0xx_hal_i2c.o(i.I2C_SlaveReceive_ISR)
    i.I2C_SlaveTransmit_ISR                  0x08002c68   Section        0  stm32f0xx_hal_i2c.o(i.I2C_SlaveTransmit_ISR)
    I2C_SlaveTransmit_ISR                    0x08002c69   Thumb Code   158  stm32f0xx_hal_i2c.o(i.I2C_SlaveTransmit_ISR)
    i.I2C_TransferConfig                     0x08002d08   Section        0  stm32f0xx_hal_i2c.o(i.I2C_TransferConfig)
    I2C_TransferConfig                       0x08002d09   Thumb Code    30  stm32f0xx_hal_i2c.o(i.I2C_TransferConfig)
    i.I2C_WaitOnFlagUntilTimeout             0x08002d2c   Section        0  stm32f0xx_hal_i2c.o(i.I2C_WaitOnFlagUntilTimeout)
    I2C_WaitOnFlagUntilTimeout               0x08002d2d   Thumb Code   112  stm32f0xx_hal_i2c.o(i.I2C_WaitOnFlagUntilTimeout)
    i.I2C_WaitOnSTOPFlagUntilTimeout         0x08002d9c   Section        0  stm32f0xx_hal_i2c.o(i.I2C_WaitOnSTOPFlagUntilTimeout)
    I2C_WaitOnSTOPFlagUntilTimeout           0x08002d9d   Thumb Code    80  stm32f0xx_hal_i2c.o(i.I2C_WaitOnSTOPFlagUntilTimeout)
    i.MX_DMA_Init                            0x08002dec   Section        0  dma.o(i.MX_DMA_Init)
    i.MX_GPIO_Init                           0x08002e14   Section        0  gpio.o(i.MX_GPIO_Init)
    i.MX_I2C1_Init                           0x08002e58   Section        0  i2c.o(i.MX_I2C1_Init)
    i.MX_TIM17_Init                          0x08002e94   Section        0  tim.o(i.MX_TIM17_Init)
    i.MX_USART1_UART_Init                    0x08002ec0   Section        0  usart.o(i.MX_USART1_UART_Init)
    i.NVIC_SRAM                              0x08002ef0   Section        0  main.o(i.NVIC_SRAM)
    i.NVIC_SetPriority                       0x08002f24   Section        0  stm32f0xx_hal_cortex.o(i.NVIC_SetPriority)
    NVIC_SetPriority                         0x08002f25   Thumb Code    60  stm32f0xx_hal_cortex.o(i.NVIC_SetPriority)
    i.SysTick_Handler                        0x08002f68   Section        0  stm32f0xx_it.o(i.SysTick_Handler)
    i.SystemClock_Config                     0x08002f74   Section        0  main.o(i.SystemClock_Config)
    i.SystemInit                             0x08002fe0   Section        0  system_stm32f0xx_1.o(i.SystemInit)
    i.TIM17_IRQHandler                       0x0800303c   Section        0  stm32f0xx_it.o(i.TIM17_IRQHandler)
    i.TIM_Base_SetConfig                     0x0800304c   Section        0  stm32f0xx_hal_tim.o(i.TIM_Base_SetConfig)
    i.UART_AdvFeatureConfig                  0x080030c0   Section        0  stm32f0xx_hal_uart.o(i.UART_AdvFeatureConfig)
    i.UART_CheckIdleState                    0x0800318a   Section        0  stm32f0xx_hal_uart.o(i.UART_CheckIdleState)
    i.UART_SetConfig                         0x0800319c   Section        0  stm32f0xx_hal_uart.o(i.UART_SetConfig)
    i.UART_WaitOnFlagUntilTimeout            0x080032a4   Section        0  stm32f0xx_hal_uart.o(i.UART_WaitOnFlagUntilTimeout)
    i.__0printf$5                            0x08003354   Section        0  printf5.o(i.__0printf$5)
    i.__ARM_common_switch8                   0x08003374   Section        0  stm32f0xx_hal_tim.o(i.__ARM_common_switch8)
    i.__scatterload_copy                     0x0800338e   Section       14  handlers.o(i.__scatterload_copy)
    i.__scatterload_null                     0x0800339c   Section        2  handlers.o(i.__scatterload_null)
    i.__scatterload_zeroinit                 0x0800339e   Section       14  handlers.o(i.__scatterload_zeroinit)
    i._printf_core                           0x080033ac   Section        0  printf5.o(i._printf_core)
    _printf_core                             0x080033ad   Thumb Code   688  printf5.o(i._printf_core)
    i.cLEDs_Init                             0x08003688   Section        0  cleds.o(i.cLEDs_Init)
    i.cLEDs_Toggle                           0x080036fc   Section        0  cleds.o(i.cLEDs_Toggle)
    i.cLEDs_Write                            0x08003720   Section        0  cleds.o(i.cLEDs_Write)
    i.calculateCRC                           0x0800374e   Section        0  si2c.o(i.calculateCRC)
    i.checkCRC                               0x08003758   Section        0  si2c.o(i.checkCRC)
    i.checkI2CSoftAddress                    0x0800376e   Section        0  si2c.o(i.checkI2CSoftAddress)
    i.crc16                                  0x08003780   Section        0  si2c.o(i.crc16)
    i.fputc                                  0x080037bc   Section        0  main.o(i.fputc)
    i.getI2CHardAddress                      0x080037d4   Section        0  si2c.o(i.getI2CHardAddress)
    i.i2cdata_cpy                            0x080037d8   Section        0  si2c.o(i.i2cdata_cpy)
    i.i2cdata_init                           0x080037fa   Section        0  si2c.o(i.i2cdata_init)
    i.i2cdata_parse                          0x0800381e   Section        0  si2c.o(i.i2cdata_parse)
    i.i2cdata_update                         0x08003888   Section        0  si2c.o(i.i2cdata_update)
    i.main                                   0x08003914   Section        0  main.o(i.main)
    i.sExecuteComand                         0x080039a4   Section        0  srgb.o(i.sExecuteComand)
    i.sRGB_Init                              0x080039e8   Section        0  srgb.o(i.sRGB_Init)
    i.sRGB_Toggle                            0x08003a38   Section        0  srgb.o(i.sRGB_Toggle)
    i.sRGB_Write                             0x08003a5c   Section        0  srgb.o(i.sRGB_Write)
    .constdata                               0x08003a8a   Section       16  stm32f0xx_hal_rcc.o(.constdata)
    .ARM.__AT_0x20000000                     0x20000000   Section      192  main.o(.ARM.__AT_0x20000000)
    .data                                    0x200000c0   Section       20  system_stm32f0xx_1.o(.data)
    .data                                    0x200000d4   Section        4  stm32f0xx_hal.o(.data)
    uwTick                                   0x200000d4   Data           4  stm32f0xx_hal.o(.data)
    .data                                    0x200000d8   Section        4  stdout.o(.data)
    .bss                                     0x200000dc   Section      172  i2c.o(.bss)
    .bss                                     0x20000188   Section       60  tim.o(.bss)
    .bss                                     0x200001c4   Section      112  usart.o(.bss)
    .bss                                     0x20000234   Section       40  si2c.o(.bss)
    .bss                                     0x2000025c   Section       16  si2c.o(.bss)
    STACK                                    0x20000270   Section     1024  startup_stm32f030x6.o(STACK)

    Global Symbols

    Symbol Name                              Value     Ov Type        Size  Object(Section)

    BuildAttributes$$THM_ISAv3M$S$PE$A:L22$X:L11$S22$IEEE1$IW$USESV6$~STKCKD$USESV7$~SHL$OSPACE$ROPI$EBA8$MICROLIB$REQ8$PRES8$EABIv2 0x00000000   Number         0  anon$$obj.o ABSOLUTE
    __ARM_use_no_argv                        0x00000000   Number         0  main.o ABSOLUTE
    _printf_a                                0x00000000   Number         0  stubs.o ABSOLUTE
    _printf_c                                0x00000000   Number         0  stubs.o ABSOLUTE
    _printf_charcount                        0x00000000   Number         0  stubs.o ABSOLUTE
    _printf_d                                0x00000000   Number         0  stubs.o ABSOLUTE
    _printf_e                                0x00000000   Number         0  stubs.o ABSOLUTE
    _printf_f                                0x00000000   Number         0  stubs.o ABSOLUTE
    _printf_flags                            0x00000000   Number         0  stubs.o ABSOLUTE
    _printf_fp_dec                           0x00000000   Number         0  stubs.o ABSOLUTE
    _printf_fp_hex                           0x00000000   Number         0  stubs.o ABSOLUTE
    _printf_g                                0x00000000   Number         0  stubs.o ABSOLUTE
    _printf_i                                0x00000000   Number         0  stubs.o ABSOLUTE
    _printf_int_dec                          0x00000000   Number         0  stubs.o ABSOLUTE
    _printf_l                                0x00000000   Number         0  stubs.o ABSOLUTE
    _printf_lc                               0x00000000   Number         0  stubs.o ABSOLUTE
    _printf_ll                               0x00000000   Number         0  stubs.o ABSOLUTE
    _printf_lld                              0x00000000   Number         0  stubs.o ABSOLUTE
    _printf_lli                              0x00000000   Number         0  stubs.o ABSOLUTE
    _printf_llo                              0x00000000   Number         0  stubs.o ABSOLUTE
    _printf_llu                              0x00000000   Number         0  stubs.o ABSOLUTE
    _printf_llx                              0x00000000   Number         0  stubs.o ABSOLUTE
    _printf_longlong_dec                     0x00000000   Number         0  stubs.o ABSOLUTE
    _printf_longlong_hex                     0x00000000   Number         0  stubs.o ABSOLUTE
    _printf_longlong_oct                     0x00000000   Number         0  stubs.o ABSOLUTE
    _printf_ls                               0x00000000   Number         0  stubs.o ABSOLUTE
    _printf_mbtowc                           0x00000000   Number         0  stubs.o ABSOLUTE
    _printf_n                                0x00000000   Number         0  stubs.o ABSOLUTE
    _printf_o                                0x00000000   Number         0  stubs.o ABSOLUTE
    _printf_p                                0x00000000   Number         0  stubs.o ABSOLUTE
    _printf_percent                          0x00000000   Number         0  stubs.o ABSOLUTE
    _printf_pre_padding                      0x00000000   Number         0  stubs.o ABSOLUTE
    _printf_return_value                     0x00000000   Number         0  stubs.o ABSOLUTE
    _printf_s                                0x00000000   Number         0  stubs.o ABSOLUTE
    _printf_sizespec                         0x00000000   Number         0  stubs.o ABSOLUTE
    _printf_str                              0x00000000   Number         0  stubs.o ABSOLUTE
    _printf_truncate_signed                  0x00000000   Number         0  stubs.o ABSOLUTE
    _printf_truncate_unsigned                0x00000000   Number         0  stubs.o ABSOLUTE
    _printf_u                                0x00000000   Number         0  stubs.o ABSOLUTE
    _printf_wc                               0x00000000   Number         0  stubs.o ABSOLUTE
    _printf_wctomb                           0x00000000   Number         0  stubs.o ABSOLUTE
    _printf_widthprec                        0x00000000   Number         0  stubs.o ABSOLUTE
    _printf_x                                0x00000000   Number         0  stubs.o ABSOLUTE
    __cpp_initialize__aeabi_                  - Undefined Weak Reference
    __cxa_finalize                            - Undefined Weak Reference
    __decompress                              - Undefined Weak Reference
    _clock_init                               - Undefined Weak Reference
    _microlib_exit                            - Undefined Weak Reference
    __Vectors_Size                           0x000000b0   Number         0  startup_stm32f030x6.o ABSOLUTE
    __Vectors                                0x08001000   Data           4  startup_stm32f030x6.o(RESET)
    __Vectors_End                            0x080010b0   Data           0  startup_stm32f030x6.o(RESET)
    __main                                   0x080010b1   Thumb Code     0  entry.o(.ARM.Collect$$$$00000000)
    _main_stk                                0x080010b1   Thumb Code     0  entry2.o(.ARM.Collect$$$$00000001)
    _main_scatterload                        0x080010b5   Thumb Code     0  entry5.o(.ARM.Collect$$$$00000004)
    __main_after_scatterload                 0x080010b9   Thumb Code     0  entry5.o(.ARM.Collect$$$$00000004)
    _main_clock                              0x080010b9   Thumb Code     0  entry7b.o(.ARM.Collect$$$$00000008)
    _main_cpp_init                           0x080010b9   Thumb Code     0  entry8b.o(.ARM.Collect$$$$0000000A)
    _main_init                               0x080010b9   Thumb Code     0  entry9a.o(.ARM.Collect$$$$0000000B)
    __rt_final_cpp                           0x080010c1   Thumb Code     0  entry10a.o(.ARM.Collect$$$$0000000D)
    __rt_final_exit                          0x080010c1   Thumb Code     0  entry11a.o(.ARM.Collect$$$$0000000F)
    Reset_Handler                            0x080010c5   Thumb Code     8  startup_stm32f030x6.o(.text)
    NMI_Handler                              0x080010cd   Thumb Code     2  startup_stm32f030x6.o(.text)
    HardFault_Handler                        0x080010cf   Thumb Code     2  startup_stm32f030x6.o(.text)
    SVC_Handler                              0x080010d1   Thumb Code     2  startup_stm32f030x6.o(.text)
    PendSV_Handler                           0x080010d3   Thumb Code     2  startup_stm32f030x6.o(.text)
    ADC1_IRQHandler                          0x080010d7   Thumb Code     0  startup_stm32f030x6.o(.text)
    DMA1_Channel1_IRQHandler                 0x080010d7   Thumb Code     0  startup_stm32f030x6.o(.text)
    DMA1_Channel4_5_IRQHandler               0x080010d7   Thumb Code     0  startup_stm32f030x6.o(.text)
    EXTI0_1_IRQHandler                       0x080010d7   Thumb Code     0  startup_stm32f030x6.o(.text)
    EXTI2_3_IRQHandler                       0x080010d7   Thumb Code     0  startup_stm32f030x6.o(.text)
    EXTI4_15_IRQHandler                      0x080010d7   Thumb Code     0  startup_stm32f030x6.o(.text)
    FLASH_IRQHandler                         0x080010d7   Thumb Code     0  startup_stm32f030x6.o(.text)
    RCC_IRQHandler                           0x080010d7   Thumb Code     0  startup_stm32f030x6.o(.text)
    RTC_IRQHandler                           0x080010d7   Thumb Code     0  startup_stm32f030x6.o(.text)
    SPI1_IRQHandler                          0x080010d7   Thumb Code     0  startup_stm32f030x6.o(.text)
    TIM14_IRQHandler                         0x080010d7   Thumb Code     0  startup_stm32f030x6.o(.text)
    TIM16_IRQHandler                         0x080010d7   Thumb Code     0  startup_stm32f030x6.o(.text)
    TIM1_BRK_UP_TRG_COM_IRQHandler           0x080010d7   Thumb Code     0  startup_stm32f030x6.o(.text)
    TIM1_CC_IRQHandler                       0x080010d7   Thumb Code     0  startup_stm32f030x6.o(.text)
    TIM3_IRQHandler                          0x080010d7   Thumb Code     0  startup_stm32f030x6.o(.text)
    USART1_IRQHandler                        0x080010d7   Thumb Code     0  startup_stm32f030x6.o(.text)
    WWDG_IRQHandler                          0x080010d7   Thumb Code     0  startup_stm32f030x6.o(.text)
    __aeabi_uidiv                            0x080010e1   Thumb Code     0  uidiv.o(.text)
    __aeabi_uidivmod                         0x080010e1   Thumb Code    44  uidiv.o(.text)
    __aeabi_llsr                             0x0800110d   Thumb Code    34  llushr.o(.text)
    _ll_ushift_r                             0x0800110d   Thumb Code     0  llushr.o(.text)
    __aeabi_memcpy                           0x0800112f   Thumb Code    36  memcpya.o(.text)
    __aeabi_memcpy4                          0x0800112f   Thumb Code     0  memcpya.o(.text)
    __aeabi_memcpy8                          0x0800112f   Thumb Code     0  memcpya.o(.text)
    __aeabi_memset                           0x08001153   Thumb Code    14  memseta.o(.text)
    __aeabi_memset4                          0x08001153   Thumb Code     0  memseta.o(.text)
    __aeabi_memset8                          0x08001153   Thumb Code     0  memseta.o(.text)
    __aeabi_memclr                           0x08001161   Thumb Code     4  memseta.o(.text)
    __aeabi_memclr4                          0x08001161   Thumb Code     0  memseta.o(.text)
    __aeabi_memclr8                          0x08001161   Thumb Code     0  memseta.o(.text)
    _memset$wrapper                          0x08001165   Thumb Code    18  memseta.o(.text)
    __aeabi_uldivmod                         0x08001177   Thumb Code    96  uldiv.o(.text)
    __scatterload                            0x080011d9   Thumb Code    28  init.o(.text)
    __scatterload_rt2                        0x080011d9   Thumb Code     0  init.o(.text)
    __aeabi_llsl                             0x080011fd   Thumb Code    32  llshl.o(.text)
    _ll_shift_l                              0x080011fd   Thumb Code     0  llshl.o(.text)
    DMA1_Channel2_3_IRQHandler               0x0800121d   Thumb Code    16  stm32f0xx_it.o(i.DMA1_Channel2_3_IRQHandler)
    HAL_DMA_Abort                            0x08001253   Thumb Code    76  stm32f0xx_hal_dma.o(i.HAL_DMA_Abort)
    HAL_DMA_IRQHandler                       0x080012a1   Thumb Code   470  stm32f0xx_hal_dma.o(i.HAL_DMA_IRQHandler)
    HAL_DMA_Init                             0x0800147d   Thumb Code    78  stm32f0xx_hal_dma.o(i.HAL_DMA_Init)
    HAL_DMA_Start_IT                         0x080014d1   Thumb Code    78  stm32f0xx_hal_dma.o(i.HAL_DMA_Start_IT)
    HAL_GPIO_Init                            0x08001521   Thumb Code   302  stm32f0xx_hal_gpio.o(i.HAL_GPIO_Init)
    HAL_GPIO_TogglePin                       0x08001669   Thumb Code     8  stm32f0xx_hal_gpio.o(i.HAL_GPIO_TogglePin)
    HAL_GPIO_WritePin                        0x08001671   Thumb Code    12  stm32f0xx_hal_gpio.o(i.HAL_GPIO_WritePin)
    HAL_GetTick                              0x0800167d   Thumb Code     6  stm32f0xx_hal.o(i.HAL_GetTick)
    HAL_I2CEx_ConfigAnalogFilter             0x08001689   Thumb Code    96  stm32f0xx_hal_i2c_ex.o(i.HAL_I2CEx_ConfigAnalogFilter)
    HAL_I2C_ER_IRQHandler                    0x080016e9   Thumb Code   112  stm32f0xx_hal_i2c.o(i.HAL_I2C_ER_IRQHandler)
    HAL_I2C_EV_IRQHandler                    0x08001759   Thumb Code   290  stm32f0xx_hal_i2c.o(i.HAL_I2C_EV_IRQHandler)
    HAL_I2C_ErrorCallback                    0x0800187d   Thumb Code    32  main.o(i.HAL_I2C_ErrorCallback)
    HAL_I2C_GetState                         0x080018d1   Thumb Code     6  stm32f0xx_hal_i2c.o(i.HAL_I2C_GetState)
    HAL_I2C_Init                             0x080018d9   Thumb Code   158  stm32f0xx_hal_i2c.o(i.HAL_I2C_Init)
    HAL_I2C_MasterRxCpltCallback             0x0800197d   Thumb Code     2  stm32f0xx_hal_i2c.o(i.HAL_I2C_MasterRxCpltCallback)
    HAL_I2C_MasterTxCpltCallback             0x0800197f   Thumb Code     2  stm32f0xx_hal_i2c.o(i.HAL_I2C_MasterTxCpltCallback)
    HAL_I2C_MemRxCpltCallback                0x08001981   Thumb Code     2  stm32f0xx_hal_i2c.o(i.HAL_I2C_MemRxCpltCallback)
    HAL_I2C_MemTxCpltCallback                0x08001983   Thumb Code     2  stm32f0xx_hal_i2c.o(i.HAL_I2C_MemTxCpltCallback)
    HAL_I2C_MspInit                          0x08001985   Thumb Code   196  i2c.o(i.HAL_I2C_MspInit)
    HAL_I2C_SlaveRxCpltCallback              0x08001a5d   Thumb Code   116  main.o(i.HAL_I2C_SlaveRxCpltCallback)
    HAL_I2C_SlaveTxCpltCallback              0x08001afd   Thumb Code    20  main.o(i.HAL_I2C_SlaveTxCpltCallback)
    HAL_I2C_Slave_Receive_DMA                0x08001b3d   Thumb Code   160  stm32f0xx_hal_i2c.o(i.HAL_I2C_Slave_Receive_DMA)
    HAL_I2C_Slave_Transmit_DMA               0x08001be9   Thumb Code   190  stm32f0xx_hal_i2c.o(i.HAL_I2C_Slave_Transmit_DMA)
    HAL_IncTick                              0x08001cb5   Thumb Code    10  stm32f0xx_hal.o(i.HAL_IncTick)
    HAL_Init                                 0x08001cc5   Thumb Code    26  stm32f0xx_hal.o(i.HAL_Init)
    HAL_InitTick                             0x08001ce5   Thumb Code    34  stm32f0xx_hal.o(i.HAL_InitTick)
    HAL_MspInit                              0x08001d09   Thumb Code    30  stm32f0xx_hal_msp.o(i.HAL_MspInit)
    HAL_NVIC_ClearPendingIRQ                 0x08001d2d   Thumb Code    14  stm32f0xx_hal_cortex.o(i.HAL_NVIC_ClearPendingIRQ)
    HAL_NVIC_EnableIRQ                       0x08001d41   Thumb Code    14  stm32f0xx_hal_cortex.o(i.HAL_NVIC_EnableIRQ)
    HAL_NVIC_SetPriority                     0x08001d55   Thumb Code     8  stm32f0xx_hal_cortex.o(i.HAL_NVIC_SetPriority)
    HAL_RCCEx_PeriphCLKConfig                0x08001d5d   Thumb Code   186  stm32f0xx_hal_rcc_ex.o(i.HAL_RCCEx_PeriphCLKConfig)
    HAL_RCC_ClockConfig                      0x08001e25   Thumb Code   400  stm32f0xx_hal_rcc.o(i.HAL_RCC_ClockConfig)
    HAL_RCC_GetHCLKFreq                      0x08001fc1   Thumb Code    26  stm32f0xx_hal_rcc.o(i.HAL_RCC_GetHCLKFreq)
    HAL_RCC_GetPCLK1Freq                     0x08001fe9   Thumb Code    22  stm32f0xx_hal_rcc.o(i.HAL_RCC_GetPCLK1Freq)
    HAL_RCC_GetSysClockFreq                  0x08002009   Thumb Code    76  stm32f0xx_hal_rcc.o(i.HAL_RCC_GetSysClockFreq)
    HAL_RCC_OscConfig                        0x08002081   Thumb Code   892  stm32f0xx_hal_rcc.o(i.HAL_RCC_OscConfig)
    HAL_SYSTICK_CLKSourceConfig              0x08002409   Thumb Code    20  stm32f0xx_hal_cortex.o(i.HAL_SYSTICK_CLKSourceConfig)
    HAL_SYSTICK_Callback                     0x08002421   Thumb Code    46  main.o(i.HAL_SYSTICK_Callback)
    HAL_SYSTICK_Config                       0x08002459   Thumb Code    38  stm32f0xx_hal_cortex.o(i.HAL_SYSTICK_Config)
    HAL_SYSTICK_IRQHandler                   0x08002489   Thumb Code     8  stm32f0xx_hal_cortex.o(i.HAL_SYSTICK_IRQHandler)
    HAL_TIMEx_BreakCallback                  0x08002491   Thumb Code     2  stm32f0xx_hal_tim_ex.o(i.HAL_TIMEx_BreakCallback)
    HAL_TIMEx_CommutationCallback            0x08002493   Thumb Code     2  stm32f0xx_hal_tim_ex.o(i.HAL_TIMEx_CommutationCallback)
    HAL_TIM_Base_Init                        0x08002495   Thumb Code    52  stm32f0xx_hal_tim.o(i.HAL_TIM_Base_Init)
    HAL_TIM_Base_MspInit                     0x080024c9   Thumb Code    46  tim.o(i.HAL_TIM_Base_MspInit)
    HAL_TIM_Base_Start_IT                    0x08002501   Thumb Code    22  stm32f0xx_hal_tim.o(i.HAL_TIM_Base_Start_IT)
    HAL_TIM_IC_CaptureCallback               0x08002517   Thumb Code     2  stm32f0xx_hal_tim.o(i.HAL_TIM_IC_CaptureCallback)
    HAL_TIM_IRQHandler                       0x08002519   Thumb Code   354  stm32f0xx_hal_tim.o(i.HAL_TIM_IRQHandler)
    HAL_TIM_OC_DelayElapsedCallback          0x0800267b   Thumb Code     2  stm32f0xx_hal_tim.o(i.HAL_TIM_OC_DelayElapsedCallback)
    HAL_TIM_PWM_PulseFinishedCallback        0x0800267d   Thumb Code     2  stm32f0xx_hal_tim.o(i.HAL_TIM_PWM_PulseFinishedCallback)
    HAL_TIM_PeriodElapsedCallback            0x08002681   Thumb Code    32  main.o(i.HAL_TIM_PeriodElapsedCallback)
    HAL_TIM_TriggerCallback                  0x080026a9   Thumb Code     2  stm32f0xx_hal_tim.o(i.HAL_TIM_TriggerCallback)
    HAL_UART_Init                            0x080026ab   Thumb Code   108  stm32f0xx_hal_uart.o(i.HAL_UART_Init)
    HAL_UART_MspInit                         0x08002719   Thumb Code    62  usart.o(i.HAL_UART_MspInit)
    HAL_UART_Transmit                        0x08002761   Thumb Code   186  stm32f0xx_hal_uart.o(i.HAL_UART_Transmit)
    I2C1_IRQHandler                          0x0800281d   Thumb Code    28  stm32f0xx_it.o(i.I2C1_IRQHandler)
    MX_DMA_Init                              0x08002ded   Thumb Code    36  dma.o(i.MX_DMA_Init)
    MX_GPIO_Init                             0x08002e15   Thumb Code    64  gpio.o(i.MX_GPIO_Init)
    MX_I2C1_Init                             0x08002e59   Thumb Code    52  i2c.o(i.MX_I2C1_Init)
    MX_TIM17_Init                            0x08002e95   Thumb Code    34  tim.o(i.MX_TIM17_Init)
    MX_USART1_UART_Init                      0x08002ec1   Thumb Code    40  usart.o(i.MX_USART1_UART_Init)
    NVIC_SRAM                                0x08002ef1   Thumb Code    40  main.o(i.NVIC_SRAM)
    SysTick_Handler                          0x08002f69   Thumb Code    12  stm32f0xx_it.o(i.SysTick_Handler)
    SystemClock_Config                       0x08002f75   Thumb Code   106  main.o(i.SystemClock_Config)
    SystemInit                               0x08002fe1   Thumb Code    78  system_stm32f0xx_1.o(i.SystemInit)
    TIM17_IRQHandler                         0x0800303d   Thumb Code    10  stm32f0xx_it.o(i.TIM17_IRQHandler)
    TIM_Base_SetConfig                       0x0800304d   Thumb Code    94  stm32f0xx_hal_tim.o(i.TIM_Base_SetConfig)
    UART_AdvFeatureConfig                    0x080030c1   Thumb Code   202  stm32f0xx_hal_uart.o(i.UART_AdvFeatureConfig)
    UART_CheckIdleState                      0x0800318b   Thumb Code    16  stm32f0xx_hal_uart.o(i.UART_CheckIdleState)
    UART_SetConfig                           0x0800319d   Thumb Code   248  stm32f0xx_hal_uart.o(i.UART_SetConfig)
    UART_WaitOnFlagUntilTimeout              0x080032a5   Thumb Code   174  stm32f0xx_hal_uart.o(i.UART_WaitOnFlagUntilTimeout)
    __0printf$5                              0x08003355   Thumb Code    24  printf5.o(i.__0printf$5)
    __1printf$5                              0x08003355   Thumb Code     0  printf5.o(i.__0printf$5)
    __2printf                                0x08003355   Thumb Code     0  printf5.o(i.__0printf$5)
    __ARM_common_switch8                     0x08003375   Thumb Code    26  stm32f0xx_hal_tim.o(i.__ARM_common_switch8)
    __scatterload_copy                       0x0800338f   Thumb Code    14  handlers.o(i.__scatterload_copy)
    __scatterload_null                       0x0800339d   Thumb Code     2  handlers.o(i.__scatterload_null)
    __scatterload_zeroinit                   0x0800339f   Thumb Code    14  handlers.o(i.__scatterload_zeroinit)
    cLEDs_Init                               0x08003689   Thumb Code   112  cleds.o(i.cLEDs_Init)
    cLEDs_Toggle                             0x080036fd   Thumb Code    36  cleds.o(i.cLEDs_Toggle)
    cLEDs_Write                              0x08003721   Thumb Code    46  cleds.o(i.cLEDs_Write)
    calculateCRC                             0x0800374f   Thumb Code    10  si2c.o(i.calculateCRC)
    checkCRC                                 0x08003759   Thumb Code    22  si2c.o(i.checkCRC)
    checkI2CSoftAddress                      0x0800376f   Thumb Code    16  si2c.o(i.checkI2CSoftAddress)
    crc16                                    0x08003781   Thumb Code    50  si2c.o(i.crc16)
    fputc                                    0x080037bd   Thumb Code    18  main.o(i.fputc)
    getI2CHardAddress                        0x080037d5   Thumb Code     4  si2c.o(i.getI2CHardAddress)
    i2cdata_cpy                              0x080037d9   Thumb Code    34  si2c.o(i.i2cdata_cpy)
    i2cdata_init                             0x080037fb   Thumb Code    36  si2c.o(i.i2cdata_init)
    i2cdata_parse                            0x0800381f   Thumb Code   106  si2c.o(i.i2cdata_parse)
    i2cdata_update                           0x08003889   Thumb Code   138  si2c.o(i.i2cdata_update)
    main                                     0x08003915   Thumb Code    94  main.o(i.main)
    sExecuteComand                           0x080039a5   Thumb Code    68  srgb.o(i.sExecuteComand)
    sRGB_Init                                0x080039e9   Thumb Code    74  srgb.o(i.sRGB_Init)
    sRGB_Toggle                              0x08003a39   Thumb Code    36  srgb.o(i.sRGB_Toggle)
    sRGB_Write                               0x08003a5d   Thumb Code    46  srgb.o(i.sRGB_Write)
    aAPBAHBPrescTable                        0x08003a8a   Data          16  stm32f0xx_hal_rcc.o(.constdata)
    Region$$Table$$Base                      0x08003a9c   Number         0  anon$$obj.o(Region$$Table)
    Region$$Table$$Limit                     0x08003abc   Number         0  anon$$obj.o(Region$$Table)
    VectorTable                              0x20000000   Data         192  main.o(.ARM.__AT_0x20000000)
    SystemCoreClock                          0x200000c0   Data           4  system_stm32f0xx_1.o(.data)
    AHBPrescTable                            0x200000c4   Data          16  system_stm32f0xx_1.o(.data)
    __stdout                                 0x200000d8   Data           4  stdout.o(.data)
    hi2c1                                    0x200000dc   Data          60  i2c.o(.bss)
    hdma_i2c1_rx                             0x20000118   Data          56  i2c.o(.bss)
    hdma_i2c1_tx                             0x20000150   Data          56  i2c.o(.bss)
    htim17                                   0x20000188   Data          60  tim.o(.bss)
    huart1                                   0x200001c4   Data         112  usart.o(.bss)
    i2c_Data                                 0x20000234   Data          40  si2c.o(.bss)
    deviceMe                                 0x2000025c   Data          16  si2c.o(.bss)
    __initial_sp                             0x20000670   Data           0  startup_stm32f030x6.o(STACK)



==============================================================================

Memory Map of the image

  Image Entry point : 0x080010b1

  Load Region LR_IROM1 (Base: 0x08001000, Size: 0x00002ad8, Max: 0x00003000, ABSOLUTE)

    Execution Region ER_IROM1 (Base: 0x08001000, Size: 0x00002abc, Max: 0x00003000, ABSOLUTE)

    Base Addr    Size         Type   Attr      Idx    E Section Name        Object

    0x08001000   0x000000b0   Data   RO         2856    RESET               startup_stm32f030x6.o
    0x080010b0   0x00000000   Code   RO         2861  * .ARM.Collect$$$$00000000  mc_p.l(entry.o)
    0x080010b0   0x00000004   Code   RO         3135    .ARM.Collect$$$$00000001  mc_p.l(entry2.o)
    0x080010b4   0x00000004   Code   RO         3138    .ARM.Collect$$$$00000004  mc_p.l(entry5.o)
    0x080010b8   0x00000000   Code   RO         3140    .ARM.Collect$$$$00000008  mc_p.l(entry7b.o)
    0x080010b8   0x00000000   Code   RO         3142    .ARM.Collect$$$$0000000A  mc_p.l(entry8b.o)
    0x080010b8   0x00000008   Code   RO         3143    .ARM.Collect$$$$0000000B  mc_p.l(entry9a.o)
    0x080010c0   0x00000000   Code   RO         3145    .ARM.Collect$$$$0000000D  mc_p.l(entry10a.o)
    0x080010c0   0x00000000   Code   RO         3147    .ARM.Collect$$$$0000000F  mc_p.l(entry11a.o)
    0x080010c0   0x00000004   Code   RO         3136    .ARM.Collect$$$$00002712  mc_p.l(entry2.o)
    0x080010c4   0x0000001c   Code   RO         2857    .text               startup_stm32f030x6.o
    0x080010e0   0x0000002c   Code   RO         2864    .text               mc_p.l(uidiv.o)
    0x0800110c   0x00000022   Code   RO         2866    .text               mc_p.l(llushr.o)
    0x0800112e   0x00000024   Code   RO         2868    .text               mc_p.l(memcpya.o)
    0x08001152   0x00000024   Code   RO         2870    .text               mc_p.l(memseta.o)
    0x08001176   0x00000060   Code   RO         3150    .text               mc_p.l(uldiv.o)
    0x080011d6   0x00000002   PAD
    0x080011d8   0x00000024   Code   RO         3163    .text               mc_p.l(init.o)
    0x080011fc   0x00000020   Code   RO         3165    .text               mc_p.l(llshl.o)
    0x0800121c   0x00000018   Code   RO            3    i.DMA1_Channel2_3_IRQHandler  stm32f0xx_it.o
    0x08001234   0x0000001e   Code   RO         1436    i.DMA_SetConfig     stm32f0xx_hal_dma.o
    0x08001252   0x0000004c   Code   RO         1437    i.HAL_DMA_Abort     stm32f0xx_hal_dma.o
    0x0800129e   0x00000002   PAD
    0x080012a0   0x000001dc   Code   RO         1441    i.HAL_DMA_IRQHandler  stm32f0xx_hal_dma.o
    0x0800147c   0x00000054   Code   RO         1442    i.HAL_DMA_Init      stm32f0xx_hal_dma.o
    0x080014d0   0x0000004e   Code   RO         1445    i.HAL_DMA_Start_IT  stm32f0xx_hal_dma.o
    0x0800151e   0x00000002   PAD
    0x08001520   0x00000148   Code   RO         1339    i.HAL_GPIO_Init     stm32f0xx_hal_gpio.o
    0x08001668   0x00000008   Code   RO         1342    i.HAL_GPIO_TogglePin  stm32f0xx_hal_gpio.o
    0x08001670   0x0000000c   Code   RO         1343    i.HAL_GPIO_WritePin  stm32f0xx_hal_gpio.o
    0x0800167c   0x0000000c   Code   RO          476    i.HAL_GetTick       stm32f0xx_hal.o
    0x08001688   0x00000060   Code   RO         1398    i.HAL_I2CEx_ConfigAnalogFilter  stm32f0xx_hal_i2c_ex.o
    0x080016e8   0x00000070   Code   RO          780    i.HAL_I2C_ER_IRQHandler  stm32f0xx_hal_i2c.o
    0x08001758   0x00000122   Code   RO          781    i.HAL_I2C_EV_IRQHandler  stm32f0xx_hal_i2c.o
    0x0800187a   0x00000002   PAD
    0x0800187c   0x00000054   Code   RO          203    i.HAL_I2C_ErrorCallback  main.o
    0x080018d0   0x00000006   Code   RO          784    i.HAL_I2C_GetState  stm32f0xx_hal_i2c.o
    0x080018d6   0x00000002   PAD
    0x080018d8   0x000000a4   Code   RO          785    i.HAL_I2C_Init      stm32f0xx_hal_i2c.o
    0x0800197c   0x00000002   Code   RO          787    i.HAL_I2C_MasterRxCpltCallback  stm32f0xx_hal_i2c.o
    0x0800197e   0x00000002   Code   RO          788    i.HAL_I2C_MasterTxCpltCallback  stm32f0xx_hal_i2c.o
    0x08001980   0x00000002   Code   RO          795    i.HAL_I2C_MemRxCpltCallback  stm32f0xx_hal_i2c.o
    0x08001982   0x00000002   Code   RO          796    i.HAL_I2C_MemTxCpltCallback  stm32f0xx_hal_i2c.o
    0x08001984   0x000000d8   Code   RO          288    i.HAL_I2C_MspInit   i2c.o
    0x08001a5c   0x000000a0   Code   RO          204    i.HAL_I2C_SlaveRxCpltCallback  main.o
    0x08001afc   0x00000040   Code   RO          205    i.HAL_I2C_SlaveTxCpltCallback  main.o
    0x08001b3c   0x000000ac   Code   RO          808    i.HAL_I2C_Slave_Receive_DMA  stm32f0xx_hal_i2c.o
    0x08001be8   0x000000cc   Code   RO          811    i.HAL_I2C_Slave_Transmit_DMA  stm32f0xx_hal_i2c.o
    0x08001cb4   0x00000010   Code   RO          477    i.HAL_IncTick       stm32f0xx_hal.o
    0x08001cc4   0x00000020   Code   RO          478    i.HAL_Init          stm32f0xx_hal.o
    0x08001ce4   0x00000022   Code   RO          479    i.HAL_InitTick      stm32f0xx_hal.o
    0x08001d06   0x00000002   PAD
    0x08001d08   0x00000024   Code   RO          325    i.HAL_MspInit       stm32f0xx_hal_msp.o
    0x08001d2c   0x00000014   Code   RO         1156    i.HAL_NVIC_ClearPendingIRQ  stm32f0xx_hal_cortex.o
    0x08001d40   0x00000014   Code   RO         1158    i.HAL_NVIC_EnableIRQ  stm32f0xx_hal_cortex.o
    0x08001d54   0x00000008   Code   RO         1162    i.HAL_NVIC_SetPriority  stm32f0xx_hal_cortex.o
    0x08001d5c   0x000000c8   Code   RO         1126    i.HAL_RCCEx_PeriphCLKConfig  stm32f0xx_hal_rcc_ex.o
    0x08001e24   0x0000019c   Code   RO          586    i.HAL_RCC_ClockConfig  stm32f0xx_hal_rcc.o
    0x08001fc0   0x00000028   Code   RO          591    i.HAL_RCC_GetHCLKFreq  stm32f0xx_hal_rcc.o
    0x08001fe8   0x00000020   Code   RO          593    i.HAL_RCC_GetPCLK1Freq  stm32f0xx_hal_rcc.o
    0x08002008   0x00000078   Code   RO          594    i.HAL_RCC_GetSysClockFreq  stm32f0xx_hal_rcc.o
    0x08002080   0x00000388   Code   RO          597    i.HAL_RCC_OscConfig  stm32f0xx_hal_rcc.o
    0x08002408   0x00000018   Code   RO         1164    i.HAL_SYSTICK_CLKSourceConfig  stm32f0xx_hal_cortex.o
    0x08002420   0x00000038   Code   RO          206    i.HAL_SYSTICK_Callback  main.o
    0x08002458   0x00000030   Code   RO         1166    i.HAL_SYSTICK_Config  stm32f0xx_hal_cortex.o
    0x08002488   0x00000008   Code   RO         1167    i.HAL_SYSTICK_IRQHandler  stm32f0xx_hal_cortex.o
    0x08002490   0x00000002   Code   RO         1574    i.HAL_TIMEx_BreakCallback  stm32f0xx_hal_tim_ex.o
    0x08002492   0x00000002   Code   RO         1575    i.HAL_TIMEx_CommutationCallback  stm32f0xx_hal_tim_ex.o
    0x08002494   0x00000034   Code   RO         1811    i.HAL_TIM_Base_Init  stm32f0xx_hal_tim.o
    0x080024c8   0x00000038   Code   RO          346    i.HAL_TIM_Base_MspInit  tim.o
    0x08002500   0x00000016   Code   RO         1816    i.HAL_TIM_Base_Start_IT  stm32f0xx_hal_tim.o
    0x08002516   0x00000002   Code   RO         1840    i.HAL_TIM_IC_CaptureCallback  stm32f0xx_hal_tim.o
    0x08002518   0x00000162   Code   RO         1853    i.HAL_TIM_IRQHandler  stm32f0xx_hal_tim.o
    0x0800267a   0x00000002   Code   RO         1856    i.HAL_TIM_OC_DelayElapsedCallback  stm32f0xx_hal_tim.o
    0x0800267c   0x00000002   Code   RO         1883    i.HAL_TIM_PWM_PulseFinishedCallback  stm32f0xx_hal_tim.o
    0x0800267e   0x00000002   PAD
    0x08002680   0x00000028   Code   RO          207    i.HAL_TIM_PeriodElapsedCallback  main.o
    0x080026a8   0x00000002   Code   RO         1894    i.HAL_TIM_TriggerCallback  stm32f0xx_hal_tim.o
    0x080026aa   0x0000006c   Code   RO         2452    i.HAL_UART_Init     stm32f0xx_hal_uart.o
    0x08002716   0x00000002   PAD
    0x08002718   0x00000048   Code   RO          384    i.HAL_UART_MspInit  usart.o
    0x08002760   0x000000ba   Code   RO         2460    i.HAL_UART_Transmit  stm32f0xx_hal_uart.o
    0x0800281a   0x00000002   PAD
    0x0800281c   0x00000020   Code   RO            4    i.I2C1_IRQHandler   stm32f0xx_it.o
    0x0800283c   0x00000028   Code   RO          813    i.I2C_DMAError      stm32f0xx_hal_i2c.o
    0x08002864   0x0000006e   Code   RO          818    i.I2C_DMASlaveReceiveCplt  stm32f0xx_hal_i2c.o
    0x080028d2   0x00000066   Code   RO          819    i.I2C_DMASlaveTransmitCplt  stm32f0xx_hal_i2c.o
    0x08002938   0x00000094   Code   RO          820    i.I2C_IsAcknowledgeFailed  stm32f0xx_hal_i2c.o
    0x080029cc   0x00000104   Code   RO          821    i.I2C_MasterReceive_ISR  stm32f0xx_hal_i2c.o
    0x08002ad0   0x00000104   Code   RO          822    i.I2C_MasterTransmit_ISR  stm32f0xx_hal_i2c.o
    0x08002bd4   0x00000094   Code   RO          825    i.I2C_SlaveReceive_ISR  stm32f0xx_hal_i2c.o
    0x08002c68   0x0000009e   Code   RO          826    i.I2C_SlaveTransmit_ISR  stm32f0xx_hal_i2c.o
    0x08002d06   0x00000002   PAD
    0x08002d08   0x00000024   Code   RO          827    i.I2C_TransferConfig  stm32f0xx_hal_i2c.o
    0x08002d2c   0x00000070   Code   RO          828    i.I2C_WaitOnFlagUntilTimeout  stm32f0xx_hal_i2c.o
    0x08002d9c   0x00000050   Code   RO          830    i.I2C_WaitOnSTOPFlagUntilTimeout  stm32f0xx_hal_i2c.o
    0x08002dec   0x00000028   Code   RO          163    i.MX_DMA_Init       dma.o
    0x08002e14   0x00000044   Code   RO          183    i.MX_GPIO_Init      gpio.o
    0x08002e58   0x0000003c   Code   RO          289    i.MX_I2C1_Init      i2c.o
    0x08002e94   0x0000002c   Code   RO          347    i.MX_TIM17_Init     tim.o
    0x08002ec0   0x00000030   Code   RO          385    i.MX_USART1_UART_Init  usart.o
    0x08002ef0   0x00000034   Code   RO          208    i.NVIC_SRAM         main.o
    0x08002f24   0x00000044   Code   RO         1168    i.NVIC_SetPriority  stm32f0xx_hal_cortex.o
    0x08002f68   0x0000000c   Code   RO            5    i.SysTick_Handler   stm32f0xx_it.o
    0x08002f74   0x0000006a   Code   RO          209    i.SystemClock_Config  main.o
    0x08002fde   0x00000002   PAD
    0x08002fe0   0x0000005c   Code   RO          422    i.SystemInit        system_stm32f0xx_1.o
    0x0800303c   0x00000010   Code   RO            6    i.TIM17_IRQHandler  stm32f0xx_it.o
    0x0800304c   0x00000074   Code   RO         1895    i.TIM_Base_SetConfig  stm32f0xx_hal_tim.o
    0x080030c0   0x000000ca   Code   RO         2465    i.UART_AdvFeatureConfig  stm32f0xx_hal_uart.o
    0x0800318a   0x00000010   Code   RO         2466    i.UART_CheckIdleState  stm32f0xx_hal_uart.o
    0x0800319a   0x00000002   PAD
    0x0800319c   0x00000108   Code   RO         2474    i.UART_SetConfig    stm32f0xx_hal_uart.o
    0x080032a4   0x000000ae   Code   RO         2476    i.UART_WaitOnFlagUntilTimeout  stm32f0xx_hal_uart.o
    0x08003352   0x00000002   PAD
    0x08003354   0x00000020   Code   RO         3007    i.__0printf$5       mc_p.l(printf5.o)
    0x08003374   0x0000001a   Code   RO         2430    i.__ARM_common_switch8  stm32f0xx_hal_tim.o
    0x0800338e   0x0000000e   Code   RO         3175    i.__scatterload_copy  mc_p.l(handlers.o)
    0x0800339c   0x00000002   Code   RO         3176    i.__scatterload_null  mc_p.l(handlers.o)
    0x0800339e   0x0000000e   Code   RO         3177    i.__scatterload_zeroinit  mc_p.l(handlers.o)
    0x080033ac   0x000002dc   Code   RO         3014    i._printf_core      mc_p.l(printf5.o)
    0x08003688   0x00000074   Code   RO         2681    i.cLEDs_Init        cleds.o
    0x080036fc   0x00000024   Code   RO         2682    i.cLEDs_Toggle      cleds.o
    0x08003720   0x0000002e   Code   RO         2683    i.cLEDs_Write       cleds.o
    0x0800374e   0x0000000a   Code   RO         2713    i.calculateCRC      si2c.o
    0x08003758   0x00000016   Code   RO         2714    i.checkCRC          si2c.o
    0x0800376e   0x00000010   Code   RO         2716    i.checkI2CSoftAddress  si2c.o
    0x0800377e   0x00000002   PAD
    0x08003780   0x0000003c   Code   RO         2717    i.crc16             si2c.o
    0x080037bc   0x00000018   Code   RO          210    i.fputc             main.o
    0x080037d4   0x00000004   Code   RO         2720    i.getI2CHardAddress  si2c.o
    0x080037d8   0x00000022   Code   RO         2722    i.i2cdata_cpy       si2c.o
    0x080037fa   0x00000024   Code   RO         2723    i.i2cdata_init      si2c.o
    0x0800381e   0x0000006a   Code   RO         2724    i.i2cdata_parse     si2c.o
    0x08003888   0x0000008a   Code   RO         2725    i.i2cdata_update    si2c.o
    0x08003912   0x00000002   PAD
    0x08003914   0x00000090   Code   RO          211    i.main              main.o
    0x080039a4   0x00000044   Code   RO         2818    i.sExecuteComand    srgb.o
    0x080039e8   0x00000050   Code   RO         2819    i.sRGB_Init         srgb.o
    0x08003a38   0x00000024   Code   RO         2820    i.sRGB_Toggle       srgb.o
    0x08003a5c   0x0000002e   Code   RO         2821    i.sRGB_Write        srgb.o
    0x08003a8a   0x00000010   Data   RO          598    .constdata          stm32f0xx_hal_rcc.o
    0x08003a9a   0x00000002   PAD
    0x08003a9c   0x00000020   Data   RO         3173    Region$$Table       anon$$obj.o


    Execution Region RW_IRAM1 (Base: 0x200000c0, Size: 0x000005b0, Max: 0x00000f40, ABSOLUTE)

    Base Addr    Size         Type   Attr      Idx    E Section Name        Object

    0x200000c0   0x00000014   Data   RW          423    .data               system_stm32f0xx_1.o
    0x200000d4   0x00000004   Data   RW          484    .data               stm32f0xx_hal.o
    0x200000d8   0x00000004   Data   RW         3149    .data               mc_p.l(stdout.o)
    0x200000dc   0x000000ac   Zero   RW          290    .bss                i2c.o
    0x20000188   0x0000003c   Zero   RW          348    .bss                tim.o
    0x200001c4   0x00000070   Zero   RW          386    .bss                usart.o
    0x20000234   0x00000028   Zero   RW         2727    .bss                si2c.o
    0x2000025c   0x00000010   Zero   RW         2728    .bss                si2c.o
    0x2000026c   0x00000004   PAD
    0x20000270   0x00000400   Zero   RW         2854    STACK               startup_stm32f030x6.o



  Load Region LR$$.ARM.__AT_0x20000000 (Base: 0x20000000, Size: 0x00000000, Max: 0x000000c0, ABSOLUTE)

    Execution Region ER$$.ARM.__AT_0x20000000 (Base: 0x20000000, Size: 0x000000c0, Max: 0x000000c0, ABSOLUTE, UNINIT)

    Base Addr    Size         Type   Attr      Idx    E Section Name        Object

    0x20000000   0x000000c0   Zero   RW          212    .ARM.__AT_0x20000000  main.o


==============================================================================

Image component sizes


      Code (inc. data)   RO Data    RW Data    ZI Data      Debug   Object Name

       198          4          0          0          0       2090   cleds.o
        40          4          0          0          0        702   dma.o
        68          4          0          0          0        819   gpio.o
       276         28          0          0        172       1779   i2c.o
       730        226          0          0        192      13091   main.o
       426         10          0          0         56       7290   si2c.o
       230         16          0          0          0       2680   srgb.o
        28          8        176          0       1024        592   startup_stm32f030x6.o
        94         18          0          4          0       3010   stm32f0xx_hal.o
       196         34          0          0          0      10347   stm32f0xx_hal_cortex.o
       744         12          0          0          0       4195   stm32f0xx_hal_dma.o
       348         26          0          0          0       2865   stm32f0xx_hal_gpio.o
      2410         50          0          0          0      15713   stm32f0xx_hal_i2c.o
        96          0          0          0          0       1143   stm32f0xx_hal_i2c_ex.o
        36          6          0          0          0        794   stm32f0xx_hal_msp.o
      1508         92         16          0          0       5341   stm32f0xx_hal_rcc.o
       200         14          0          0          0       1364   stm32f0xx_hal_rcc_ex.o
       578         22          0          0          0       6167   stm32f0xx_hal_tim.o
         4          0          0          0          0       1534   stm32f0xx_hal_tim_ex.o
       950         16          0          0          0       5637   stm32f0xx_hal_uart.o
        84         18          0          0          0     181640   stm32f0xx_it.o
        92         14          0         20          0       1313   system_stm32f0xx_1.o
       100         20          0          0         60       1424   tim.o
       120         18          0          0        112       1534   usart.o

    ----------------------------------------------------------------------
      9584        660        226         24       1620     273064   Object Totals
         0          0         32          0          0          0   (incl. Generated)
        28          0          2          0          4          0   (incl. Padding)

    ----------------------------------------------------------------------

      Code (inc. data)   RO Data    RW Data    ZI Data      Debug   Library Member Name

         0          0          0          0          0          0   entry.o
         0          0          0          0          0          0   entry10a.o
         0          0          0          0          0          0   entry11a.o
         8          4          0          0          0          0   entry2.o
         4          0          0          0          0          0   entry5.o
         0          0          0          0          0          0   entry7b.o
         0          0          0          0          0          0   entry8b.o
         8          4          0          0          0          0   entry9a.o
        30          0          0          0          0          0   handlers.o
        36          8          0          0          0         68   init.o
        32          0          0          0          0         68   llshl.o
        34          0          0          0          0         68   llushr.o
        36          0          0          0          0         60   memcpya.o
        36          0          0          0          0        100   memseta.o
       764         52          0          0          0        168   printf5.o
         0          0          0          4          0          0   stdout.o
        44          0          0          0          0         72   uidiv.o
        96          0          0          0          0         84   uldiv.o

    ----------------------------------------------------------------------
      1130         68          0          4          0        688   Library Totals
         2          0          0          0          0          0   (incl. Padding)

    ----------------------------------------------------------------------

      Code (inc. data)   RO Data    RW Data    ZI Data      Debug   Library Name

      1128         68          0          4          0        688   mc_p.l

    ----------------------------------------------------------------------
      1130         68          0          4          0        688   Library Totals

    ----------------------------------------------------------------------

==============================================================================


      Code (inc. data)   RO Data    RW Data    ZI Data      Debug   

     10714        728        226         28       1620     269240   Grand Totals
     10714        728        226         28       1620     269240   ELF Image Totals
     10714        728        226         28          0          0   ROM Totals

==============================================================================

    Total RO  Size (Code + RO Data)                10940 (  10.68kB)
    Total RW  Size (RW Data + ZI Data)              1648 (   1.61kB)
    Total ROM Size (Code + RO Data + RW Data)      10968 (  10.71kB)

==============================================================================

